Component: ARM Compiler 5.06 update 6 (build 750) Tool: armlink [4d35ed]

==============================================================================

Section Cross References

    main.o(.text) refers to stm32f10x_rcc.o(.text) for RCC_GetClocksFreq
    main.o(.text) refers to misc.o(.text) for NVIC_PriorityGroupConfig
    main.o(.text) refers to delay.o(.text) for delay_init
    main.o(.text) refers to usart.o(.text) for uart_init
    main.o(.text) refers to led.o(.text) for LED_Init
    main.o(.text) refers to timer.o(.text) for TIM2_Init
    main.o(.text) refers to encoder.o(.text) for Encoder_Init
    main.o(.text) refers to motor.o(.text) for Motor_Init
    main.o(.text) refers to app.o(.text) for Application_Init
    main.o(.text) refers to tasks.o(.text) for vTaskStartScheduler
    main.o(.text) refers to main.o(.bss) for .bss
    system_stm32f10x.o(.text) refers to system_stm32f10x.o(.data) for .data
    led.o(.text) refers to stm32f10x_rcc.o(.text) for RCC_APB2PeriphClockCmd
    led.o(.text) refers to stm32f10x_gpio.o(.text) for GPIO_Init
    app.o(.text) refers to tasks.o(.text) for xTaskGetTickCount
    app.o(.text) refers to delay.o(.text) for delay_ms
    app.o(.text) refers to port.o(.text) for vPortEnterCritical
    app.o(.text) refers to app.o(.data) for .data
    iic.o(.text) refers to stm32f10x_rcc.o(.text) for RCC_APB2PeriphClockCmd
    iic.o(.text) refers to stm32f10x_gpio.o(.text) for GPIO_Init
    iic.o(.text) refers to delay.o(.text) for delay_us
    encoder.o(.text) refers to stm32f10x_rcc.o(.text) for RCC_APB1PeriphClockCmd
    encoder.o(.text) refers to stm32f10x_gpio.o(.text) for GPIO_Init
    encoder.o(.text) refers to stm32f10x_tim.o(.text) for TIM_TimeBaseStructInit
    motor.o(.text) refers to stm32f10x_gpio.o(.text) for GPIO_Init
    motor.o(.text) refers to stm32f10x_tim.o(.text) for TIM_SetCompare3
    mpu6500.o(.text) refers to inv_mpu.o(.text) for mpu_run_self_test
    mpu6500.o(.text) refers to fflt_clz.o(x$fpl$fflt) for __aeabi_i2f
    mpu6500.o(.text) refers to fmul.o(x$fpl$fmul) for __aeabi_fmul
    mpu6500.o(.text) refers to ffix.o(x$fpl$ffix) for __aeabi_f2iz
    mpu6500.o(.text) refers to inv_mpu_dmp_motion_driver.o(.text) for dmp_set_gyro_bias
    mpu6500.o(.text) refers to noretval__2printf.o(.text) for __2printf
    mpu6500.o(.text) refers to iic.o(.text) for IICwriteBits
    mpu6500.o(.text) refers to scalbnf.o(x$fpl$scalbnf) for __ARM_scalbnf
    mpu6500.o(.text) refers to faddsub_clz.o(x$fpl$fadd) for __aeabi_fadd
    mpu6500.o(.text) refers to f2d.o(x$fpl$f2d) for __aeabi_f2d
    mpu6500.o(.text) refers to asin.o(i.asin) for asin
    mpu6500.o(.text) refers to dmul.o(x$fpl$dmul) for __aeabi_dmul
    mpu6500.o(.text) refers to d2f.o(x$fpl$d2f) for __aeabi_d2f
    mpu6500.o(.text) refers to faddsub_clz.o(x$fpl$fsub) for __aeabi_fsub
    mpu6500.o(.text) refers to atan2.o(i.atan2) for atan2
    mpu6500.o(.text) refers to fflt_clz.o(x$fpl$ffltu) for __aeabi_ui2f
    mpu6500.o(.text) refers to fdiv.o(x$fpl$fdiv) for __aeabi_fdiv
    mpu6500.o(.text) refers to mpu6500.o(.bss) for .bss
    mpu6500.o(.text) refers to mpu6500.o(.data) for .data
    mpu6500.o(.text) refers to daddsub_clz.o(x$fpl$dadd) for __aeabi_dadd
    timer.o(.text) refers to stm32f10x_rcc.o(.text) for RCC_APB1PeriphClockCmd
    timer.o(.text) refers to misc.o(.text) for NVIC_Init
    timer.o(.text) refers to stm32f10x_tim.o(.text) for TIM_TimeBaseInit
    timer.o(.text) refers to stm32f10x_gpio.o(.text) for GPIO_Init
    exti.o(.text) refers to stm32f10x_rcc.o(.text) for RCC_APB2PeriphClockCmd
    exti.o(.text) refers to stm32f10x_gpio.o(.text) for GPIO_Init
    exti.o(.text) refers to stm32f10x_exti.o(.text) for EXTI_Init
    exti.o(.text) refers to misc.o(.text) for NVIC_Init
    inv_mpu.o(.text) refers to _printf_percent.o(.ARM.Collect$$_printf_percent$$00000000) for _printf_percent
    inv_mpu.o(.text) refers to _printf_d.o(.ARM.Collect$$_printf_percent$$00000009) for _printf_d
    inv_mpu.o(.text) refers to _printf_dec.o(.text) for _printf_int_dec
    inv_mpu.o(.text) refers to iic.o(.text) for i2cWrite
    inv_mpu.o(.text) refers to delay.o(.text) for delay_ms
    inv_mpu.o(.text) refers to inv_mpu.o(.data) for .data
    inv_mpu.o(.text) refers to noretval__2printf.o(.text) for __2printf
    inv_mpu.o(.text) refers to fflt_clz.o(x$fpl$ffltu) for __aeabi_ui2f
    inv_mpu.o(.text) refers to fflt_clz.o(x$fpl$fflt) for __aeabi_i2f
    inv_mpu.o(.text) refers to faddsub_clz.o(x$fpl$fsub) for __aeabi_fsub
    inv_mpu.o(.text) refers to fdiv.o(x$fpl$fdiv) for __aeabi_fdiv
    inv_mpu.o(.text) refers to faddsub_clz.o(x$fpl$fadd) for __aeabi_fadd
    inv_mpu.o(.text) refers to scalbnf.o(x$fpl$scalbnf) for __ARM_scalbnf
    inv_mpu.o(.text) refers to ffix.o(x$fpl$ffix) for __aeabi_f2iz
    inv_mpu.o(.text) refers to inv_mpu.o(.conststring) for .conststring
    inv_mpu.o(.text) refers to fmul.o(x$fpl$fmul) for __aeabi_fmul
    inv_mpu.o(.text) refers to llsdiv.o(.text) for __aeabi_ldivmod
[...]
    __rt_lib_shutdown_return                 0x080001c3   Thumb Code     0  libshutdown2.o(.ARM.Collect$$libshutdown$$00000010)
    __rt_lib_shutdown_signal_1               0x080001c3   Thumb Code     0  libshutdown2.o(.ARM.Collect$$libshutdown$$0000000A)
    __rt_lib_shutdown_stdio_1                0x080001c3   Thumb Code     0  libshutdown2.o(.ARM.Collect$$libshutdown$$00000004)
    __rt_lib_shutdown_user_alloc_1           0x080001c3   Thumb Code     0  libshutdown2.o(.ARM.Collect$$libshutdown$$0000000C)
    __rt_entry                               0x080001c5   Thumb Code     0  __rtentry.o(.ARM.Collect$$rtentry$$00000000)
    __rt_entry_presh_1                       0x080001c5   Thumb Code     0  __rtentry2.o(.ARM.Collect$$rtentry$$00000002)
    __rt_entry_sh                            0x080001c5   Thumb Code     0  __rtentry4.o(.ARM.Collect$$rtentry$$00000004)
    __rt_entry_li                            0x080001cb   Thumb Code     0  __rtentry2.o(.ARM.Collect$$rtentry$$0000000A)
    __rt_entry_postsh_1                      0x080001cb   Thumb Code     0  __rtentry2.o(.ARM.Collect$$rtentry$$00000009)
    __rt_entry_main                          0x080001cf   Thumb Code     0  __rtentry2.o(.ARM.Collect$$rtentry$$0000000D)
    __rt_entry_postli_1                      0x080001cf   Thumb Code     0  __rtentry2.o(.ARM.Collect$$rtentry$$0000000C)
    __rt_exit                                0x080001d7   Thumb Code     0  rtexit.o(.ARM.Collect$$rtexit$$00000000)
    __rt_exit_ls                             0x080001d9   Thumb Code     0  rtexit2.o(.ARM.Collect$$rtexit$$00000003)
    __rt_exit_prels_1                        0x080001d9   Thumb Code     0  rtexit2.o(.ARM.Collect$$rtexit$$00000002)
    __rt_exit_exit                           0x080001dd   Thumb Code     0  rtexit2.o(.ARM.Collect$$rtexit$$00000004)
    SVC_Handler                              0x080001e5   Thumb Code    32  port.o(.emb_text)
    __asm___6_port_c_39a90d8d__prvStartFirstTask 0x08000209   Thumb Code    28  port.o(.emb_text)
    PendSV_Handler                           0x08000229   Thumb Code    72  port.o(.emb_text)
    vPortGetIPSR                             0x08000275   Thumb Code     6  port.o(.emb_text)
    main                                     0x0800027d   Thumb Code    68  main.o(.text)
    NMI_Handler                              0x080002c9   Thumb Code     2  stm32f10x_it.o(.text)
    HardFault_Handler                        0x080002cb   Thumb Code     2  stm32f10x_it.o(.text)
    MemManage_Handler                        0x080002cd   Thumb Code     2  stm32f10x_it.o(.text)
    BusFault_Handler                         0x080002cf   Thumb Code     2  stm32f10x_it.o(.text)
    UsageFault_Handler                       0x080002d1   Thumb Code     2  stm32f10x_it.o(.text)
    DebugMon_Handler                         0x080002d3   Thumb Code     2  stm32f10x_it.o(.text)
    SystemInit                               0x0800037d   Thumb Code    64  system_stm32f10x.o(.text)
    SystemCoreClockUpdate                    0x080003bd   Thumb Code   106  system_stm32f10x.o(.text)
    LED_Init                                 0x08000449   Thumb Code    50  led.o(.text)
    IMU_Task                                 0x08000481   Thumb Code    30  app.o(.text)
    Led_Task                                 0x0800049f   Thumb Code    36  app.o(.text)
    start_task                               0x080004c3   Thumb Code    68  app.o(.text)
    Application_Init                         0x08000507   Thumb Code    26  app.o(.text)
    IIC_Init                                 0x0800054d   Thumb Code    40  iic.o(.text)
    IIC_Start                                0x08000575   Thumb Code    80  iic.o(.text)
    IIC_Stop                                 0x080005c5   Thumb Code    50  iic.o(.text)
    IIC_Wait_Ack                             0x080005f7   Thumb Code    88  iic.o(.text)
    IIC_Ack                                  0x0800064f   Thumb Code    48  iic.o(.text)
    IIC_NAck                                 0x0800067f   Thumb Code    50  iic.o(.text)
    IIC_Send_Byte                            0x080006b1   Thumb Code    88  iic.o(.text)
    i2cWrite                                 0x08000709   Thumb Code    92  iic.o(.text)
    IIC_Read_Byte                            0x08000765   Thumb Code   102  iic.o(.text)
    i2cRead                                  0x080007cb   Thumb Code   116  iic.o(.text)
    I2C_ReadOneByte                          0x0800083f   Thumb Code    62  iic.o(.text)
    IICreadBytes                             0x0800087d   Thumb Code    96  iic.o(.text)
    IICwriteBytes                            0x080008dd   Thumb Code    66  iic.o(.text)
    IICreadByte                              0x0800091f   Thumb Code    14  iic.o(.text)
    IICwriteByte                             0x0800092d   Thumb Code    12  iic.o(.text)
    IICwriteBits                             0x08000939   Thumb Code   108  iic.o(.text)
    IICwriteBit                              0x080009a5   Thumb Code    62  iic.o(.text)
    Encoder_Init_TIM2                        0x080009e5   Thumb Code   150  encoder.o(.text)
    Encoder_Init                             0x08000a7b   Thumb Code   148  encoder.o(.text)
    Read_Encoder                             0x08000b0f   Thumb Code    52  encoder.o(.text)
    TIM4_IRQHandler                          0x08000b43   Thumb Code    16  encoder.o(.text)
    TIM2_IRQHandler                          0x08000b53   Thumb Code    16  encoder.o(.text)
    Motor_Init                               0x08000b75   Thumb Code    32  motor.o(.text)
    LC_CHG                                   0x08000b95   Thumb Code     8  motor.o(.text)
    Left_Motor                               0x08000b9d   Thumb Code    80  motor.o(.text)
    RC_CHG                                   0x08000bed   Thumb Code     8  motor.o(.text)
    Right_Motor                              0x08000bf5   Thumb Code    80  motor.o(.text)
    MPU6050_newValues                        0x08000d39   Thumb Code   276  mpu6500.o(.text)
    MPU6050_setClockSource                   0x08000e4d   Thumb Code    18  mpu6500.o(.text)
    MPU6050_setFullScaleGyroRange            0x08000e5f   Thumb Code    18  mpu6500.o(.text)
    MPU6050_setFullScaleAccelRange           0x08000e71   Thumb Code    18  mpu6500.o(.text)
    MPU6050_setSleepEnabled                  0x08000e83   Thumb Code    12  mpu6500.o(.text)
    MPU6050_getDeviceID                      0x08000e8f   Thumb Code    24  mpu6500.o(.text)
    MPU6050_testConnection                   0x08000ea7   Thumb Code    18  mpu6500.o(.text)
    MPU6050_setI2CMasterModeEnabled          0x08000eb9   Thumb Code    12  mpu6500.o(.text)
    MPU6050_setI2CBypassEnabled              0x08000ec5   Thumb Code    12  mpu6500.o(.text)
    MPU6050_initialize                       0x08000ed1   Thumb Code    40  mpu6500.o(.text)
    DMP_Init                                 0x08000ef9   Thumb Code   196  mpu6500.o(.text)
    Read_DMP                                 0x08000fbd   Thumb Code   298  mpu6500.o(.text)
    Read_Temperature                         0x080010e7   Thumb Code   482  mpu6500.o(.text)
    TIM2_Init                                0x080012d5   Thumb Code    90  timer.o(.text)
    PWM_Init                                 0x0800132f   Thumb Code   150  timer.o(.text)
    mpu_reg_dump                             0x0800143d   Thumb Code    58  inv_mpu.o(.text)
    mpu_read_reg                             0x08001477   Thumb Code    56  inv_mpu.o(.text)
    mpu_set_int_latched                      0x080014af   Thumb Code    92  inv_mpu.o(.text)
    mpu_set_sensors                          0x0800150b   Thumb Code   172  inv_mpu.o(.text)
    mpu_set_bypass                           0x080015b7   Thumb Code   276  inv_mpu.o(.text)
    mpu_reset_fifo                           0x080016cb   Thumb Code   350  inv_mpu.o(.text)
    mpu_configure_fifo                       0x08001829   Thumb Code    92  inv_mpu.o(.text)
    mpu_set_lpf                              0x08001885   Thumb Code   120  inv_mpu.o(.text)
    mpu_lp_accel_mode                        0x080018fd   Thumb Code   206  inv_mpu.o(.text)
    mpu_set_sample_rate                      0x080019cb   Thumb Code   128  inv_mpu.o(.text)
    mpu_set_accel_fsr                        0x08001a4b   Thumb Code   112  inv_mpu.o(.text)
    mpu_set_gyro_fsr                         0x08001abb   Thumb Code   118  inv_mpu.o(.text)
    mpu_init                                 0x08001b31   Thumb Code   396  inv_mpu.o(.text)
    myget_ms                                 0x08001cbd   Thumb Code     2  inv_mpu.o(.text)
    mpu_get_gyro_reg                         0x08001cbf   Thumb Code   100  inv_mpu.o(.text)
    mpu_get_accel_reg                        0x08001d23   Thumb Code    98  inv_mpu.o(.text)
    mpu_get_temperature                      0x08001d85   Thumb Code   126  inv_mpu.o(.text)
    mpu_set_accel_bias                       0x08001e03   Thumb Code   302  inv_mpu.o(.text)
    mpu_get_gyro_fsr                         0x08001f31   Thumb Code    58  inv_mpu.o(.text)
    mpu_get_accel_fsr                        0x08001f6b   Thumb Code    62  inv_mpu.o(.text)
    mpu_get_lpf                              0x08001fa9   Thumb Code    64  inv_mpu.o(.text)
    mpu_get_sample_rate                      0x08001fe9   Thumb Code    24  inv_mpu.o(.text)
    mpu_get_compass_sample_rate              0x08002001   Thumb Code     8  inv_mpu.o(.text)
    mpu_set_compass_sample_rate              0x08002009   Thumb Code     6  inv_mpu.o(.text)
    mpu_get_gyro_sens                        0x0800200f   Thumb Code   114  inv_mpu.o(.text)
    mpu_get_accel_sens                       0x08002081   Thumb Code    70  inv_mpu.o(.text)
    mpu_get_fifo_config                      0x080020c7   Thumb Code    10  inv_mpu.o(.text)
    mpu_get_power_state                      0x080020d1   Thumb Code    22  inv_mpu.o(.text)
    mpu_get_int_status                       0x080020e7   Thumb Code    60  inv_mpu.o(.text)
    mpu_read_fifo                            0x08002123   Thumb Code   416  inv_mpu.o(.text)
    mpu_read_fifo_stream                     0x080022c3   Thumb Code   166  inv_mpu.o(.text)
    mpu_set_int_level                        0x08002369   Thumb Code    10  inv_mpu.o(.text)
    mpu_set_dmp_state                        0x0800294f   Thumb Code   118  inv_mpu.o(.text)
    mpu_run_self_test                        0x080029c5   Thumb Code   244  inv_mpu.o(.text)
    mpu_write_mem                            0x08002ab9   Thumb Code   104  inv_mpu.o(.text)
    mpu_read_mem                             0x08002b21   Thumb Code   104  inv_mpu.o(.text)
    mpu_load_firmware                        0x08002b89   Thumb Code   174  inv_mpu.o(.text)
    mpu_get_dmp_state                        0x08002c37   Thumb Code    12  inv_mpu.o(.text)
    mpu_get_compass_reg                      0x08002c43   Thumb Code     6  inv_mpu.o(.text)
    mpu_get_compass_fsr                      0x08002c49   Thumb Code     6  inv_mpu.o(.text)
    mpu_lp_motion_interrupt                  0x08002c4f   Thumb Code   448  inv_mpu.o(.text)
    dmp_load_motion_driver_firmware          0x08002e11   Thumb Code    16  inv_mpu_dmp_motion_driver.o(.text)
    dmp_set_orientation                      0x08002e21   Thumb Code   260  inv_mpu_dmp_motion_driver.o(.text)
    dmp_set_gyro_bias                        0x08002f25   Thumb Code   256  inv_mpu_dmp_motion_driver.o(.text)
    dmp_set_accel_bias                       0x08003025   Thumb Code   260  inv_mpu_dmp_motion_driver.o(.text)
    dmp_set_fifo_rate                        0x08003129   Thumb Code    96  inv_mpu_dmp_motion_driver.o(.text)
    dmp_get_fifo_rate                        0x08003189   Thumb Code    10  inv_mpu_dmp_motion_driver.o(.text)
    dmp_set_tap_thresh                       0x08003193   Thumb Code   384  inv_mpu_dmp_motion_driver.o(.text)
    dmp_set_tap_axes                         0x08003313   Thumb Code    56  inv_mpu_dmp_motion_driver.o(.text)
    dmp_set_tap_count                        0x0800334b   Thumb Code    34  inv_mpu_dmp_motion_driver.o(.text)
    dmp_set_tap_time                         0x0800336d   Thumb Code    32  inv_mpu_dmp_motion_driver.o(.text)
    dmp_set_tap_time_multi                   0x0800338d   Thumb Code    32  inv_mpu_dmp_motion_driver.o(.text)
    dmp_set_shake_reject_thresh              0x080033ad   Thumb Code    48  inv_mpu_dmp_motion_driver.o(.text)
    dmp_set_shake_reject_time                0x080033dd   Thumb Code    32  inv_mpu_dmp_motion_driver.o(.text)
    dmp_set_shake_reject_timeout             0x080033fd   Thumb Code    32  inv_mpu_dmp_motion_driver.o(.text)
    dmp_get_pedometer_step_count             0x0800341d   Thumb Code    68  inv_mpu_dmp_motion_driver.o(.text)
    dmp_set_pedometer_step_count             0x08003461   Thumb Code    38  inv_mpu_dmp_motion_driver.o(.text)
    dmp_get_pedometer_walk_time              0x08003487   Thumb Code    74  inv_mpu_dmp_motion_driver.o(.text)
    dmp_set_pedometer_walk_time              0x080034d1   Thumb Code    44  inv_mpu_dmp_motion_driver.o(.text)
    dmp_enable_6x_lp_quat                    0x080034fd   Thumb Code    60  inv_mpu_dmp_motion_driver.o(.text)
    dmp_enable_lp_quat                       0x08003539   Thumb Code    60  inv_mpu_dmp_motion_driver.o(.text)
    dmp_enable_gyro_cal                      0x08003575   Thumb Code    62  inv_mpu_dmp_motion_driver.o(.text)
    dmp_enable_feature                       0x080035b3   Thumb Code   520  inv_mpu_dmp_motion_driver.o(.text)
    dmp_get_enabled_features                 0x080037bb   Thumb Code    10  inv_mpu_dmp_motion_driver.o(.text)
    dmp_set_interrupt_mode                   0x080037fd   Thumb Code    76  inv_mpu_dmp_motion_driver.o(.text)
    dmp_read_fifo                            0x08003849   Thumb Code   384  inv_mpu_dmp_motion_driver.o(.text)
    dmp_register_tap_cb                      0x080039c9   Thumb Code     8  inv_mpu_dmp_motion_driver.o(.text)
    dmp_register_android_orient_cb           0x080039d1   Thumb Code     8  inv_mpu_dmp_motion_driver.o(.text)
    myabs                                    0x080039f9   Thumb Code     8  control.o(.text)
    Set_Pwm                                  0x08003a01   Thumb Code    74  control.o(.text)
    Xianfu_Pwm                               0x08003a4b   Thumb Code    74  control.o(.text)
    velocity                                 0x08003a95   Thumb Code   148  control.o(.text)
    balance                                  0x08003b29   Thumb Code    42  control.o(.text)
    Get_Angle                                0x08003b53   Thumb Code    52  control.o(.text)
    EXTI15_10_IRQHandler                     0x08003b87   Thumb Code   138  control.o(.text)
    SysTick_Handler                          0x08003c7d   Thumb Code    20  delay.o(.text)
    delay_init                               0x08003c91   Thumb Code    60  delay.o(.text)
    delay_us                                 0x08003ccd   Thumb Code    50  delay.o(.text)
    delay_ms                                 0x08003cff   Thumb Code    50  delay.o(.text)
    delay_xms                                0x08003d31   Thumb Code    26  delay.o(.text)
    _sys_exit                                0x08003d59   Thumb Code     2  usart.o(.text)
    fputc                                    0x08003d5b   Thumb Code    18  usart.o(.text)
    uart_init                                0x08003d6d   Thumb Code   152  usart.o(.text)
    USART1_IRQHandler                        0x08003e05   Thumb Code    92  usart.o(.text)
    Reset_Handler                            0x08003e71   Thumb Code     8  startup_stm32f10x_md.o(.text)
    ADC1_2_IRQHandler                        0x08003e8b   Thumb Code     0  startup_stm32f10x_md.o(.text)
    CAN1_RX1_IRQHandler                      0x08003e8b   Thumb Code     0  startup_stm32f10x_md.o(.text)
    CAN1_SCE_IRQHandler                      0x08003e8b   Thumb Code     0  startup_stm32f10x_md.o(.text)
    DMA1_Channel1_IRQHandler                 0x08003e8b   Thumb Code     0  startup_stm32f10x_md.o(.text)
    DMA1_Channel2_IRQHandler                 0x08003e8b   Thumb Code     0  startup_stm32f10x_md.o(.text)
    DMA1_Channel3_IRQHandler                 0x08003e8b   Thumb Code     0  startup_stm32f10x_md.o(.text)
    DMA1_Channel4_IRQHandler                 0x08003e8b   Thumb Code     0  startup_stm32f10x_md.o(.text)
    DMA1_Channel5_IRQHandler                 0x08003e8b   Thumb Code     0  startup_stm32f10x_md.o(.text)
    DMA1_Channel6_IRQHandler                 0x08003e8b   Thumb Code     0  startup_stm32f10x_md.o(.text)
    DMA1_Channel7_IRQHandler                 0x08003e8b   Thumb Code     0  startup_stm32f10x_md.o(.text)
    EXTI0_IRQHandler                         0x08003e8b   Thumb Code     0  startup_stm32f10x_md.o(.text)
    EXTI1_IRQHandler                         0x08003e8b   Thumb Code     0  startup_stm32f10x_md.o(.text)
    EXTI2_IRQHandler                         0x08003e8b   Thumb Code     0  startup_stm32f10x_md.o(.text)
    EXTI3_IRQHandler                         0x08003e8b   Thumb Code     0  startup_stm32f10x_md.o(.text)
    EXTI4_IRQHandler                         0x08003e8b   Thumb Code     0  startup_stm32f10x_md.o(.text)
    EXTI9_5_IRQHandler                       0x08003e8b   Thumb Code     0  startup_stm32f10x_md.o(.text)
    FLASH_IRQHandler                         0x08003e8b   Thumb Code     0  startup_stm32f10x_md.o(.text)
    I2C1_ER_IRQHandler                       0x08003e8b   Thumb Code     0  startup_stm32f10x_md.o(.text)
    I2C1_EV_IRQHandler                       0x08003e8b   Thumb Code     0  startup_stm32f10x_md.o(.text)
    I2C2_ER_IRQHandler                       0x08003e8b   Thumb Code     0  startup_stm32f10x_md.o(.text)
    I2C2_EV_IRQHandler                       0x08003e8b   Thumb Code     0  startup_stm32f10x_md.o(.text)
    PVD_IRQHandler                           0x08003e8b   Thumb Code     0  startup_stm32f10x_md.o(.text)
    RCC_IRQHandler                           0x08003e8b   Thumb Code     0  startup_stm32f10x_md.o(.text)
    RTCAlarm_IRQHandler                      0x08003e8b   Thumb Code     0  startup_stm32f10x_md.o(.text)
    RTC_IRQHandler                           0x08003e8b   Thumb Code     0  startup_stm32f10x_md.o(.text)
    SPI1_IRQHandler                          0x08003e8b   Thumb Code     0  startup_stm32f10x_md.o(.text)
    SPI2_IRQHandler                          0x08003e8b   Thumb Code     0  startup_stm32f10x_md.o(.text)
    TAMPER_IRQHandler                        0x08003e8b   Thumb Code     0  startup_stm32f10x_md.o(.text)
    TIM1_BRK_IRQHandler                      0x08003e8b   Thumb Code     0  startup_stm32f10x_md.o(.text)
    TIM1_CC_IRQHandler                       0x08003e8b   Thumb Code     0  startup_stm32f10x_md.o(.text)
    TIM1_TRG_COM_IRQHandler                  0x08003e8b   Thumb Code     0  startup_stm32f10x_md.o(.text)
    TIM1_UP_IRQHandler                       0x08003e8b   Thumb Code     0  startup_stm32f10x_md.o(.text)
    TIM3_IRQHandler                          0x08003e8b   Thumb Code     0  startup_stm32f10x_md.o(.text)
    USART2_IRQHandler                        0x08003e8b   Thumb Code     0  startup_stm32f10x_md.o(.text)
    USART3_IRQHandler                        0x08003e8b   Thumb Code     0  startup_stm32f10x_md.o(.text)
    USBWakeUp_IRQHandler                     0x08003e8b   Thumb Code     0  startup_stm32f10x_md.o(.text)
    USB_HP_CAN1_TX_IRQHandler                0x08003e8b   Thumb Code     0  startup_stm32f10x_md.o(.text)
    USB_LP_CAN1_RX0_IRQHandler               0x08003e8b   Thumb Code     0  startup_stm32f10x_md.o(.text)
    WWDG_IRQHandler                          0x08003e8b   Thumb Code     0  startup_stm32f10x_md.o(.text)
    __user_initial_stackheap                 0x08003e8d   Thumb Code     0  startup_stm32f10x_md.o(.text)
    NVIC_PriorityGroupConfig                 0x08003eb1   Thumb Code    10  misc.o(.text)
    NVIC_Init                                0x08003ebb   Thumb Code    96  misc.o(.text)
    NVIC_SetVectorTable                      0x08003f1b   Thumb Code    14  misc.o(.text)
    NVIC_SystemLPConfig                      0x08003f29   Thumb Code    24  misc.o(.text)
    SysTick_CLKSourceConfig                  0x08003f41   Thumb Code    28  misc.o(.text)
    GPIO_DeInit                              0x08003f69   Thumb Code   188  stm32f10x_gpio.o(.text)
    GPIO_AFIODeInit                          0x08004025   Thumb Code    22  stm32f10x_gpio.o(.text)
    GPIO_Init                                0x0800403b   Thumb Code   166  stm32f10x_gpio.o(.text)
    GPIO_StructInit                          0x080040e1   Thumb Code    16  stm32f10x_gpio.o(.text)
    GPIO_ReadInputDataBit                    0x080040f1   Thumb Code    14  stm32f10x_gpio.o(.text)
    GPIO_ReadInputData                       0x080040ff   Thumb Code     6  stm32f10x_gpio.o(.text)
    GPIO_ReadOutputDataBit                   0x08004105   Thumb Code    14  stm32f10x_gpio.o(.text)
    GPIO_ReadOutputData                      0x08004113   Thumb Code     6  stm32f10x_gpio.o(.text)
    GPIO_SetBits                             0x08004119   Thumb Code     4  stm32f10x_gpio.o(.text)
    GPIO_ResetBits                           0x0800411d   Thumb Code     4  stm32f10x_gpio.o(.text)
    GPIO_WriteBit                            0x08004121   Thumb Code    12  stm32f10x_gpio.o(.text)
    GPIO_Write                               0x0800412d   Thumb Code     4  stm32f10x_gpio.o(.text)
    GPIO_PinLockConfig                       0x08004131   Thumb Code    16  stm32f10x_gpio.o(.text)
    GPIO_EventOutputConfig                   0x08004141   Thumb Code    22  stm32f10x_gpio.o(.text)
    GPIO_EventOutputCmd                      0x08004157   Thumb Code     6  stm32f10x_gpio.o(.text)
    GPIO_PinRemapConfig                      0x0800415d   Thumb Code    86  stm32f10x_gpio.o(.text)
    GPIO_EXTILineConfig                      0x080041b3   Thumb Code    34  stm32f10x_gpio.o(.text)
    GPIO_ETH_MediaInterfaceConfig            0x080041d5   Thumb Code     8  stm32f10x_gpio.o(.text)
    RCC_DeInit                               0x08004201   Thumb Code    50  stm32f10x_rcc.o(.text)
    RCC_HSEConfig                            0x08004233   Thumb Code    50  stm32f10x_rcc.o(.text)
    RCC_GetFlagStatus                        0x08004265   Thumb Code    42  stm32f10x_rcc.o(.text)
    RCC_WaitForHSEStartUp                    0x0800428f   Thumb Code    48  stm32f10x_rcc.o(.text)
    RCC_AdjustHSICalibrationValue            0x080042bf   Thumb Code    16  stm32f10x_rcc.o(.text)
    RCC_HSICmd                               0x080042cf   Thumb Code     6  stm32f10x_rcc.o(.text)
    RCC_PLLConfig                            0x080042d5   Thumb Code    16  stm32f10x_rcc.o(.text)
    RCC_PLLCmd                               0x080042e5   Thumb Code     6  stm32f10x_rcc.o(.text)
    RCC_SYSCLKConfig                         0x080042eb   Thumb Code    14  stm32f10x_rcc.o(.text)
    RCC_GetSYSCLKSource                      0x080042f9   Thumb Code    10  stm32f10x_rcc.o(.text)
    RCC_HCLKConfig                           0x08004303   Thumb Code    14  stm32f10x_rcc.o(.text)
    RCC_PCLK1Config                          0x08004311   Thumb Code    14  stm32f10x_rcc.o(.text)
    RCC_PCLK2Config                          0x0800431f   Thumb Code    16  stm32f10x_rcc.o(.text)
    RCC_ITConfig                             0x0800432f   Thumb Code    22  stm32f10x_rcc.o(.text)
    RCC_USBCLKConfig                         0x08004345   Thumb Code     8  stm32f10x_rcc.o(.text)
    RCC_ADCCLKConfig                         0x0800434d   Thumb Code    14  stm32f10x_rcc.o(.text)
    RCC_LSEConfig                            0x0800435b   Thumb Code    36  stm32f10x_rcc.o(.text)
    RCC_LSICmd                               0x0800437f   Thumb Code     6  stm32f10x_rcc.o(.text)
    RCC_RTCCLKConfig                         0x08004385   Thumb Code    10  stm32f10x_rcc.o(.text)
    RCC_RTCCLKCmd                            0x0800438f   Thumb Code     8  stm32f10x_rcc.o(.text)
    RCC_GetClocksFreq                        0x08004397   Thumb Code   154  stm32f10x_rcc.o(.text)
    RCC_AHBPeriphClockCmd                    0x08004431   Thumb Code    22  stm32f10x_rcc.o(.text)
    RCC_APB2PeriphClockCmd                   0x08004447   Thumb Code    22  stm32f10x_rcc.o(.text)
    RCC_APB1PeriphClockCmd                   0x0800445d   Thumb Code    22  stm32f10x_rcc.o(.text)
    RCC_APB2PeriphResetCmd                   0x08004473   Thumb Code    22  stm32f10x_rcc.o(.text)
    RCC_APB1PeriphResetCmd                   0x08004489   Thumb Code    22  stm32f10x_rcc.o(.text)
    RCC_BackupResetCmd                       0x0800449f   Thumb Code     8  stm32f10x_rcc.o(.text)
    RCC_ClockSecuritySystemCmd               0x080044a7   Thumb Code     6  stm32f10x_rcc.o(.text)
    RCC_MCOConfig                            0x080044ad   Thumb Code     6  stm32f10x_rcc.o(.text)
    RCC_ClearFlag                            0x080044b3   Thumb Code    12  stm32f10x_rcc.o(.text)
    RCC_GetITStatus                          0x080044bf   Thumb Code    16  stm32f10x_rcc.o(.text)
    RCC_ClearITPendingBit                    0x080044cf   Thumb Code     6  stm32f10x_rcc.o(.text)
    USART_DeInit                             0x080044f5   Thumb Code   144  stm32f10x_usart.o(.text)
    USART_Init                               0x08004585   Thumb Code   182  stm32f10x_usart.o(.text)
    USART_StructInit                         0x0800463b   Thumb Code    22  stm32f10x_usart.o(.text)
    USART_ClockInit                          0x08004651   Thumb Code    30  stm32f10x_usart.o(.text)
    USART_ClockStructInit                    0x0800466f   Thumb Code    12  stm32f10x_usart.o(.text)
    USART_Cmd                                0x0800467b   Thumb Code    24  stm32f10x_usart.o(.text)
    USART_ITConfig                           0x08004693   Thumb Code    54  stm32f10x_usart.o(.text)
    USART_DMACmd                             0x080046c9   Thumb Code    20  stm32f10x_usart.o(.text)
    USART_SetAddress                         0x080046dd   Thumb Code    16  stm32f10x_usart.o(.text)
    USART_WakeUpConfig                       0x080046ed   Thumb Code    16  stm32f10x_usart.o(.text)
    USART_ReceiverWakeUpCmd                  0x080046fd   Thumb Code    24  stm32f10x_usart.o(.text)
    USART_LINBreakDetectLengthConfig         0x08004715   Thumb Code    16  stm32f10x_usart.o(.text)
    USART_LINCmd                             0x08004725   Thumb Code    24  stm32f10x_usart.o(.text)
    USART_SendData                           0x0800473d   Thumb Code     8  stm32f10x_usart.o(.text)
    USART_ReceiveData                        0x08004745   Thumb Code     8  stm32f10x_usart.o(.text)
    USART_SendBreak                          0x0800474d   Thumb Code    10  stm32f10x_usart.o(.text)
    USART_SetGuardTime                       0x08004757   Thumb Code    16  stm32f10x_usart.o(.text)
    USART_SetPrescaler                       0x08004767   Thumb Code    16  stm32f10x_usart.o(.text)
    USART_SmartCardCmd                       0x08004777   Thumb Code    24  stm32f10x_usart.o(.text)
    USART_SmartCardNACKCmd                   0x0800478f   Thumb Code    24  stm32f10x_usart.o(.text)
    USART_HalfDuplexCmd                      0x080047a7   Thumb Code    24  stm32f10x_usart.o(.text)
    USART_OverSampling8Cmd                   0x080047bf   Thumb Code    24  stm32f10x_usart.o(.text)
    USART_OneBitMethodCmd                    0x080047d7   Thumb Code    24  stm32f10x_usart.o(.text)
    USART_IrDAConfig                         0x080047ef   Thumb Code    16  stm32f10x_usart.o(.text)
    USART_IrDACmd                            0x080047ff   Thumb Code    24  stm32f10x_usart.o(.text)
    USART_GetFlagStatus                      0x08004817   Thumb Code    14  stm32f10x_usart.o(.text)
    USART_ClearFlag                          0x08004825   Thumb Code     8  stm32f10x_usart.o(.text)
    USART_GetITStatus                        0x0800482d   Thumb Code    64  stm32f10x_usart.o(.text)
    USART_ClearITPendingBit                  0x0800486d   Thumb Code    16  stm32f10x_usart.o(.text)
    TIM_DeInit                               0x08004891   Thumb Code   464  stm32f10x_tim.o(.text)
    TIM_TimeBaseInit                         0x08004a61   Thumb Code   114  stm32f10x_tim.o(.text)
    TIM_OC1Init                              0x08004ad3   Thumb Code   114  stm32f10x_tim.o(.text)
    TIM_OC2Init                              0x08004b45   Thumb Code   128  stm32f10x_tim.o(.text)
    TIM_OC3Init                              0x08004bc5   Thumb Code   124  stm32f10x_tim.o(.text)
    TIM_OC4Init                              0x08004c41   Thumb Code   160  stm32f10x_tim.o(.text)
    TIM_SetIC4Prescaler                      0x08004ce1   Thumb Code    24  stm32f10x_tim.o(.text)
    TIM_SetIC3Prescaler                      0x08004d5f   Thumb Code    16  stm32f10x_tim.o(.text)
    TIM_SetIC2Prescaler                      0x08004dd1   Thumb Code    24  stm32f10x_tim.o(.text)
    TIM_SetIC1Prescaler                      0x08004e4f   Thumb Code    16  stm32f10x_tim.o(.text)
    TIM_ICInit                               0x08004ebd   Thumb Code   114  stm32f10x_tim.o(.text)
    TIM_PWMIConfig                           0x08004f2f   Thumb Code   106  stm32f10x_tim.o(.text)
    TIM_BDTRConfig                           0x08004f99   Thumb Code    34  stm32f10x_tim.o(.text)
    TIM_TimeBaseStructInit                   0x08004fbb   Thumb Code    18  stm32f10x_tim.o(.text)
    TIM_OCStructInit                         0x08004fcd   Thumb Code    20  stm32f10x_tim.o(.text)
    TIM_ICStructInit                         0x08004fe1   Thumb Code    16  stm32f10x_tim.o(.text)
    TIM_BDTRStructInit                       0x08004ff1   Thumb Code    18  stm32f10x_tim.o(.text)
    TIM_Cmd                                  0x08005003   Thumb Code    24  stm32f10x_tim.o(.text)
    TIM_CtrlPWMOutputs                       0x0800501b   Thumb Code    28  stm32f10x_tim.o(.text)
    TIM_ITConfig                             0x08005037   Thumb Code    20  stm32f10x_tim.o(.text)
    TIM_GenerateEvent                        0x0800504b   Thumb Code     4  stm32f10x_tim.o(.text)
    TIM_DMAConfig                            0x0800504f   Thumb Code     8  stm32f10x_tim.o(.text)
    TIM_DMACmd                               0x08005057   Thumb Code    20  stm32f10x_tim.o(.text)
    TIM_InternalClockConfig                  0x0800506b   Thumb Code    10  stm32f10x_tim.o(.text)
    TIM_SelectInputTrigger                   0x08005075   Thumb Code    12  stm32f10x_tim.o(.text)
    TIM_ITRxExternalClockConfig              0x08005081   Thumb Code    20  stm32f10x_tim.o(.text)
    TIM_TIxExternalClockConfig               0x08005095   Thumb Code    48  stm32f10x_tim.o(.text)
    TIM_ETRConfig                            0x080050c5   Thumb Code    24  stm32f10x_tim.o(.text)
    TIM_ETRClockMode1Config                  0x080050dd   Thumb Code    52  stm32f10x_tim.o(.text)
    TIM_ETRClockMode2Config                  0x08005111   Thumb Code    20  stm32f10x_tim.o(.text)
    TIM_PrescalerConfig                      0x08005125   Thumb Code     6  stm32f10x_tim.o(.text)
    TIM_CounterModeConfig                    0x0800512b   Thumb Code    12  stm32f10x_tim.o(.text)
    TIM_EncoderInterfaceConfig               0x08005137   Thumb Code    50  stm32f10x_tim.o(.text)
    TIM_ForcedOC1Config                      0x08005169   Thumb Code    12  stm32f10x_tim.o(.text)
    TIM_ForcedOC2Config                      0x08005175   Thumb Code    20  stm32f10x_tim.o(.text)
    TIM_ForcedOC3Config                      0x08005189   Thumb Code    12  stm32f10x_tim.o(.text)
    TIM_ForcedOC4Config                      0x08005195   Thumb Code    20  stm32f10x_tim.o(.text)
    TIM_ARRPreloadConfig                     0x080051a9   Thumb Code    24  stm32f10x_tim.o(.text)
    TIM_SelectCOM                            0x080051c1   Thumb Code    24  stm32f10x_tim.o(.text)
    TIM_SelectCCDMA                          0x080051d9   Thumb Code    24  stm32f10x_tim.o(.text)
    TIM_CCPreloadControl                     0x080051f1   Thumb Code    24  stm32f10x_tim.o(.text)
    TIM_OC1PreloadConfig                     0x08005209   Thumb Code    12  stm32f10x_tim.o(.text)
    TIM_OC2PreloadConfig                     0x08005215   Thumb Code    20  stm32f10x_tim.o(.text)
    TIM_OC3PreloadConfig                     0x08005229   Thumb Code    12  stm32f10x_tim.o(.text)
    TIM_OC4PreloadConfig                     0x08005235   Thumb Code    20  stm32f10x_tim.o(.text)
    TIM_OC1FastConfig                        0x08005249   Thumb Code    12  stm32f10x_tim.o(.text)
    TIM_OC2FastConfig                        0x08005255   Thumb Code    20  stm32f10x_tim.o(.text)
    TIM_OC3FastConfig                        0x08005269   Thumb Code    12  stm32f10x_tim.o(.text)
    TIM_OC4FastConfig                        0x08005275   Thumb Code    20  stm32f10x_tim.o(.text)
    TIM_ClearOC1Ref                          0x08005289   Thumb Code    12  stm32f10x_tim.o(.text)
    TIM_ClearOC2Ref                          0x08005295   Thumb Code    20  stm32f10x_tim.o(.text)
    TIM_ClearOC3Ref                          0x080052a9   Thumb Code    12  stm32f10x_tim.o(.text)
    TIM_ClearOC4Ref                          0x080052b5   Thumb Code    20  stm32f10x_tim.o(.text)
    TIM_OC1PolarityConfig                    0x080052c9   Thumb Code    12  stm32f10x_tim.o(.text)
    TIM_OC1NPolarityConfig                   0x080052d5   Thumb Code    12  stm32f10x_tim.o(.text)
    TIM_OC2PolarityConfig                    0x080052e1   Thumb Code    20  stm32f10x_tim.o(.text)
    TIM_OC2NPolarityConfig                   0x080052f5   Thumb Code    20  stm32f10x_tim.o(.text)
    TIM_OC3PolarityConfig                    0x08005309   Thumb Code    20  stm32f10x_tim.o(.text)
    TIM_OC3NPolarityConfig                   0x0800531d   Thumb Code    20  stm32f10x_tim.o(.text)
    TIM_OC4PolarityConfig                    0x08005331   Thumb Code    20  stm32f10x_tim.o(.text)
    TIM_CCxCmd                               0x08005345   Thumb Code    22  stm32f10x_tim.o(.text)
    TIM_CCxNCmd                              0x0800535b   Thumb Code    22  stm32f10x_tim.o(.text)
    TIM_SelectOCxM                           0x08005371   Thumb Code    76  stm32f10x_tim.o(.text)
    TIM_UpdateDisableConfig                  0x080053bd   Thumb Code    24  stm32f10x_tim.o(.text)
    TIM_UpdateRequestConfig                  0x080053d5   Thumb Code    24  stm32f10x_tim.o(.text)
    TIM_SelectHallSensor                     0x080053ed   Thumb Code    24  stm32f10x_tim.o(.text)
    TIM_SelectOnePulseMode                   0x08005405   Thumb Code    16  stm32f10x_tim.o(.text)
    TIM_SelectOutputTrigger                  0x08005415   Thumb Code    16  stm32f10x_tim.o(.text)
    TIM_SelectSlaveMode                      0x08005425   Thumb Code    16  stm32f10x_tim.o(.text)
    TIM_SelectMasterSlaveMode                0x08005435   Thumb Code    16  stm32f10x_tim.o(.text)
    TIM_SetCounter                           0x08005445   Thumb Code     4  stm32f10x_tim.o(.text)
    TIM_SetAutoreload                        0x08005449   Thumb Code     4  stm32f10x_tim.o(.text)
    TIM_SetCompare1                          0x0800544d   Thumb Code     4  stm32f10x_tim.o(.text)
    TIM_SetCompare2                          0x08005451   Thumb Code     4  stm32f10x_tim.o(.text)
    TIM_SetCompare3                          0x08005455   Thumb Code     4  stm32f10x_tim.o(.text)
    TIM_SetCompare4                          0x08005459   Thumb Code     6  stm32f10x_tim.o(.text)
    TIM_SetClockDivision                     0x0800545f   Thumb Code    16  stm32f10x_tim.o(.text)
    TIM_GetCapture1                          0x0800546f   Thumb Code     4  stm32f10x_tim.o(.text)
    TIM_GetCapture2                          0x08005473   Thumb Code     4  stm32f10x_tim.o(.text)
    TIM_GetCapture3                          0x08005477   Thumb Code     4  stm32f10x_tim.o(.text)
    TIM_GetCapture4                          0x0800547b   Thumb Code     6  stm32f10x_tim.o(.text)
    TIM_GetCounter                           0x08005481   Thumb Code     4  stm32f10x_tim.o(.text)
    TIM_GetPrescaler                         0x08005485   Thumb Code     4  stm32f10x_tim.o(.text)
    TIM_GetFlagStatus                        0x08005489   Thumb Code    14  stm32f10x_tim.o(.text)
    TIM_ClearFlag                            0x08005497   Thumb Code     6  stm32f10x_tim.o(.text)
    TIM_GetITStatus                          0x0800549d   Thumb Code    24  stm32f10x_tim.o(.text)
    TIM_ClearITPendingBit                    0x080054b5   Thumb Code     6  stm32f10x_tim.o(.text)
    vListInitialise                          0x080054bb   Thumb Code    22  list.o(.text)
    vListInitialiseItem                      0x080054d1   Thumb Code     6  list.o(.text)
    vListInsertEnd                           0x080054d7   Thumb Code    24  list.o(.text)
    vListInsert                              0x080054ef   Thumb Code    48  list.o(.text)
    uxListRemove                             0x0800551f   Thumb Code    36  list.o(.text)
    xQueueGenericReset                       0x08005545   Thumb Code   130  queue.o(.text)
    xQueueGenericCreate                      0x080055ed   Thumb Code    64  queue.o(.text)
    xQueueGenericSend                        0x080057a5   Thumb Code   358  queue.o(.text)
    xQueueCreateMutex                        0x0800594b   Thumb Code    24  queue.o(.text)
    xQueueGiveMutexRecursive                 0x08005963   Thumb Code    62  queue.o(.text)
    xQueueGenericReceive                     0x080059e3   Thumb Code   386  queue.o(.text)
    xQueueTakeMutexRecursive                 0x08005b65   Thumb Code    70  queue.o(.text)
    xQueueCreateCountingSemaphore            0x08005bab   Thumb Code    64  queue.o(.text)
    xQueueGenericSendFromISR                 0x08005beb   Thumb Code   210  queue.o(.text)
    xQueueGiveFromISR                        0x08005cbd   Thumb Code   184  queue.o(.text)
    xQueueReceiveFromISR                     0x08005d75   Thumb Code   152  queue.o(.text)
    xQueuePeekFromISR                        0x08005e0d   Thumb Code   120  queue.o(.text)
    uxQueueMessagesWaiting                   0x08005e85   Thumb Code    38  queue.o(.text)
    uxQueueSpacesAvailable                   0x08005eab   Thumb Code    42  queue.o(.text)
    uxQueueMessagesWaitingFromISR            0x08005ed5   Thumb Code    28  queue.o(.text)
    vQueueUnregisterQueue                    0x08005ef1   Thumb Code    36  queue.o(.text)
    vQueueDelete                             0x08005f15   Thumb Code    40  queue.o(.text)
    uxQueueGetQueueNumber                    0x08005f3d   Thumb Code     4  queue.o(.text)
    vQueueSetQueueNumber                     0x08005f41   Thumb Code     4  queue.o(.text)
    ucQueueGetQueueType                      0x08005f45   Thumb Code     6  queue.o(.text)
    xQueueIsQueueEmptyFromISR                0x08005f4b   Thumb Code    36  queue.o(.text)
    xQueueIsQueueFullFromISR                 0x08005f6f   Thumb Code    40  queue.o(.text)
    vQueueAddToRegistry                      0x08005f97   Thumb Code    32  queue.o(.text)
    pcQueueGetName                           0x08005fb7   Thumb Code    34  queue.o(.text)
    vQueueWaitForMessageRestricted           0x08005fd9   Thumb Code    70  queue.o(.text)
    xQueueCreateSet                          0x0800601f   Thumb Code     8  queue.o(.text)
    xQueueAddToSet                           0x08006027   Thumb Code    38  queue.o(.text)
    xQueueRemoveFromSet                      0x0800604d   Thumb Code    38  queue.o(.text)
    xQueueSelectFromSet                      0x08006073   Thumb Code    18  queue.o(.text)
    xQueueSelectFromSetFromISR               0x08006085   Thumb Code    18  queue.o(.text)
    xTaskCreate                              0x080061ff   Thumb Code    96  tasks.o(.text)
    vTaskDelete                              0x08006291   Thumb Code   154  tasks.o(.text)
    xTaskIncrementTick                       0x0800632b   Thumb Code   192  tasks.o(.text)
    xTaskResumeAll                           0x080063eb   Thumb Code   242  tasks.o(.text)
    vTaskSuspendAll                          0x08006543   Thumb Code    10  tasks.o(.text)
    vTaskDelayUntil                          0x0800654d   Thumb Code   144  tasks.o(.text)
    vTaskDelay                               0x080065dd   Thumb Code    70  tasks.o(.text)
    eTaskGetState                            0x08006623   Thumb Code    98  tasks.o(.text)
    uxTaskPriorityGet                        0x08006685   Thumb Code    24  tasks.o(.text)
    uxTaskPriorityGetFromISR                 0x0800669d   Thumb Code    40  tasks.o(.text)
    vTaskPrioritySet                         0x080066c5   Thumb Code   192  tasks.o(.text)
    vTaskSwitchContext                       0x08006785   Thumb Code    88  tasks.o(.text)
    vTaskSuspend                             0x080067dd   Thumb Code   156  tasks.o(.text)
    vTaskResume                              0x080068ab   Thumb Code   138  tasks.o(.text)
    xTaskResumeFromISR                       0x08006935   Thumb Code   130  tasks.o(.text)
    vTaskStartScheduler                      0x08006a21   Thumb Code   100  tasks.o(.text)
    vTaskEndScheduler                        0x08006a85   Thumb Code    24  tasks.o(.text)
    xTaskGetTickCount                        0x08006a9d   Thumb Code     6  tasks.o(.text)
    xTaskGetTickCountFromISR                 0x08006aa3   Thumb Code    12  tasks.o(.text)
    uxTaskGetNumberOfTasks                   0x08006aaf   Thumb Code     6  tasks.o(.text)
    pcTaskGetName                            0x08006ab5   Thumb Code    40  tasks.o(.text)
    vTaskGetInfo                             0x08006af1   Thumb Code   120  tasks.o(.text)
    uxTaskGetSystemState                     0x08006bc3   Thumb Code   158  tasks.o(.text)
    vTaskPlaceOnEventList                    0x08006c61   Thumb Code    48  tasks.o(.text)
    vTaskPlaceOnUnorderedEventList           0x08006c91   Thumb Code   112  tasks.o(.text)
    vTaskPlaceOnEventListRestricted          0x08006d01   Thumb Code    58  tasks.o(.text)
    xTaskRemoveFromEventList                 0x08006d3b   Thumb Code   110  tasks.o(.text)
    xTaskRemoveFromUnorderedEventList        0x08006da9   Thumb Code   118  tasks.o(.text)
    vTaskSetTimeOutState                     0x08006e1f   Thumb Code    36  tasks.o(.text)
    xTaskCheckForTimeOut                     0x08006e43   Thumb Code   112  tasks.o(.text)
    vTaskMissedYield                         0x08006eb3   Thumb Code     8  tasks.o(.text)
    uxTaskGetTaskNumber                      0x08006ebb   Thumb Code    12  tasks.o(.text)
    vTaskSetTaskNumber                       0x08006ec7   Thumb Code     8  tasks.o(.text)
    xTaskGetCurrentTaskHandle                0x08006ecf   Thumb Code     6  tasks.o(.text)
    xTaskGetSchedulerState                   0x08006ed5   Thumb Code    24  tasks.o(.text)
    vTaskPriorityInherit                     0x08006eed   Thumb Code   126  tasks.o(.text)
    xTaskPriorityDisinherit                  0x08006f6b   Thumb Code   144  tasks.o(.text)
    vTaskList                                0x0800701f   Thumb Code   168  tasks.o(.text)
    uxTaskResetEventItemValue                0x080070c7   Thumb Code    20  tasks.o(.text)
    pvTaskIncrementMutexHeldCount            0x080070db   Thumb Code    20  tasks.o(.text)
    ulTaskNotifyTake                         0x080070ef   Thumb Code   126  tasks.o(.text)
    xTaskNotifyWait                          0x0800716d   Thumb Code   132  tasks.o(.text)
    xTaskGenericNotify                       0x080071f1   Thumb Code   194  tasks.o(.text)
    xTaskGenericNotifyFromISR                0x080072b3   Thumb Code   242  tasks.o(.text)
    vTaskNotifyGiveFromISR                   0x080073a5   Thumb Code   174  tasks.o(.text)
    xTaskNotifyStateClear                    0x08007453   Thumb Code    46  tasks.o(.text)
    xTimerGenericCommand                     0x080074cd   Thumb Code   112  timers.o(.text)
    xTimerCreateTimerTask                    0x080077b3   Thumb Code    58  timers.o(.text)
    xTimerCreate                             0x0800782f   Thumb Code    46  timers.o(.text)
    xTimerGetTimerDaemonTaskHandle           0x0800785d   Thumb Code   100  timers.o(.text)
    xTimerGetPeriod                          0x080078c1   Thumb Code    28  timers.o(.text)
    xTimerGetExpiryTime                      0x080078dd   Thumb Code    28  timers.o(.text)
    pcTimerGetName                           0x080078f9   Thumb Code    28  timers.o(.text)
    xTimerIsTimerActive                      0x08007915   Thumb Code    46  timers.o(.text)
    pvTimerGetTimerID                        0x08007943   Thumb Code    38  timers.o(.text)
    vTimerSetTimerID                         0x08007969   Thumb Code    40  timers.o(.text)
    xTimerPendFunctionCallFromISR            0x08007991   Thumb Code    34  timers.o(.text)
    xTimerPendFunctionCall                   0x080079b3   Thumb Code    66  timers.o(.text)
    pxPortInitialiseStack                    0x08007a1b   Thumb Code    24  port.o(.text)
    vPortSetupTimerInterrupt                 0x08007a33   Thumb Code    26  port.o(.text)
    xPortStartScheduler                      0x08007a4d   Thumb Code   104  port.o(.text)
    vPortEndScheduler                        0x08007ab5   Thumb Code    24  port.o(.text)
    vPortEnterCritical                       0x08007acd   Thumb Code    52  port.o(.text)
    vPortExitCritical                        0x08007b01   Thumb Code    38  port.o(.text)
    xPortSysTickHandler                      0x08007b27   Thumb Code    40  port.o(.text)
    vPortValidateInterruptPriority           0x08007b4f   Thumb Code    72  port.o(.text)
    pvPortMalloc                             0x08007c7b   Thumb Code   206  heap_4.o(.text)
    vPortFree                                0x08007d49   Thumb Code    96  heap_4.o(.text)
    xPortGetFreeHeapSize                     0x08007da9   Thumb Code     8  heap_4.o(.text)
    xPortGetMinimumEverFreeHeapSize          0x08007db1   Thumb Code     8  heap_4.o(.text)
    vPortInitialiseBlocks                    0x08007db9   Thumb Code     2  heap_4.o(.text)
    __use_no_semihosting                     0x08007dfd   Thumb Code     2  use_no_semi_2.o(.text)
    __aeabi_ldivmod                          0x08007dff   Thumb Code     0  llsdiv.o(.text)
    _ll_sdiv                                 0x08007dff   Thumb Code    72  llsdiv.o(.text)
    __2printf                                0x08007e49   Thumb Code    20  noretval__2printf.o(.text)
    __2sprintf                               0x08007e61   Thumb Code    34  noretval__2sprintf.o(.text)
    __printf                                 0x08007e89   Thumb Code   104  __printf.o(.text)
    _printf_str                              0x08007ef1   Thumb Code    82  _printf_str.o(.text)
    _printf_int_dec                          0x08007f45   Thumb Code   104  _printf_dec.o(.text)
    memcmp                                   0x08007fbd   Thumb Code    88  memcmp.o(.text)
    strcpy                                   0x08008015   Thumb Code    72  strcpy.o(.text)
    strlen                                   0x0800805d   Thumb Code    62  strlen.o(.text)
    __aeabi_memcpy                           0x0800809b   Thumb Code     0  rt_memcpy_v6.o(.text)
    __rt_memcpy                              0x0800809b   Thumb Code   138  rt_memcpy_v6.o(.text)
    _memcpy_lastbytes                        0x08008101   Thumb Code     0  rt_memcpy_v6.o(.text)
    __aeabi_memset                           0x08008125   Thumb Code    16  aeabi_memset.o(.text)
    __use_two_region_memory                  0x08008135   Thumb Code     2  heapauxi.o(.text)
    __rt_heap_escrow$2region                 0x08008137   Thumb Code     2  heapauxi.o(.text)
    __rt_heap_expand$2region                 0x08008139   Thumb Code     2  heapauxi.o(.text)
    __I$use$semihosting                      0x0800813b   Thumb Code     0  use_no_semi.o(.text)
    __use_no_semihosting_swi                 0x0800813b   Thumb Code     2  use_no_semi.o(.text)
    __aeabi_uldivmod                         0x0800813d   Thumb Code     0  lludivv7m.o(.text)
    _ll_udiv                                 0x0800813d   Thumb Code   238  lludivv7m.o(.text)
    __read_errno                             0x0800822b   Thumb Code    10  _rserrno.o(.text)
    __set_errno                              0x08008235   Thumb Code    12  _rserrno.o(.text)
    _printf_int_common                       0x08008241   Thumb Code   178  _printf_intcommon.o(.text)
    _printf_char_common                      0x080082ff   Thumb Code    32  _printf_char_common.o(.text)
    _sputc                                   0x08008325   Thumb Code    10  _sputc.o(.text)
    _printf_cs_common                        0x0800832f   Thumb Code    20  _printf_char.o(.text)
    _printf_char                             0x08008343   Thumb Code    16  _printf_char.o(.text)
    _printf_string                           0x08008353   Thumb Code     8  _printf_char.o(.text)
    _printf_char_file                        0x0800835d   Thumb Code    32  _printf_char_file.o(.text)
    __aeabi_memcpy4                          0x08008381   Thumb Code     0  rt_memcpy_w.o(.text)
    __aeabi_memcpy8                          0x08008381   Thumb Code     0  rt_memcpy_w.o(.text)
    __rt_memcpy_w                            0x08008381   Thumb Code   100  rt_memcpy_w.o(.text)
    _memcpy_lastbytes_aligned                0x080083c9   Thumb Code     0  rt_memcpy_w.o(.text)
    __aeabi_memclr                           0x080083e5   Thumb Code     0  rt_memclr.o(.text)
    __rt_memclr                              0x080083e5   Thumb Code    68  rt_memclr.o(.text)
    _memset                                  0x080083e9   Thumb Code     0  rt_memclr.o(.text)
    __aeabi_errno_addr                       0x08008429   Thumb Code     8  rt_errno_addr_intlibspace.o(.text)
    __errno$intlibspace                      0x08008429   Thumb Code     0  rt_errno_addr_intlibspace.o(.text)
    __rt_errno_addr$intlibspace              0x08008429   Thumb Code     0  rt_errno_addr_intlibspace.o(.text)
    ferror                                   0x08008431   Thumb Code     8  ferror.o(.text)
    __aeabi_memclr4                          0x08008439   Thumb Code     0  rt_memclr_w.o(.text)
    __aeabi_memclr8                          0x08008439   Thumb Code     0  rt_memclr_w.o(.text)
    __rt_memclr_w                            0x08008439   Thumb Code    78  rt_memclr_w.o(.text)
    _memset_w                                0x0800843d   Thumb Code     0  rt_memclr_w.o(.text)
    __user_libspace                          0x08008489   Thumb Code     8  libspace.o(.text)
    __user_perproc_libspace                  0x08008489   Thumb Code     0  libspace.o(.text)
    __user_perthread_libspace                0x08008489   Thumb Code     0  libspace.o(.text)
    __user_setup_stackheap                   0x08008491   Thumb Code    74  sys_stackheap_outer.o(.text)
    exit                                     0x080084db   Thumb Code    18  exit.o(.text)
    __ARM_fpclassify                         0x080084ed   Thumb Code    40  fpclassify.o(i.__ARM_fpclassify)
    __kernel_poly                            0x08008515   Thumb Code   170  poly.o(i.__kernel_poly)
    __mathlib_dbl_infnan                     0x080085bf   Thumb Code     6  dunder.o(i.__mathlib_dbl_infnan)
    __mathlib_dbl_infnan2                    0x080085c5   Thumb Code     4  dunder.o(i.__mathlib_dbl_infnan2)
    __mathlib_dbl_invalid                    0x080085c9   Thumb Code    12  dunder.o(i.__mathlib_dbl_invalid)
    __mathlib_dbl_underflow                  0x080085d5   Thumb Code    10  dunder.o(i.__mathlib_dbl_underflow)
    asin                                     0x080085e5   Thumb Code   572  asin.o(i.asin)
    atan                                     0x08008855   Thumb Code   474  atan.o(i.atan)
    atan2                                    0x08008a75   Thumb Code   346  atan2.o(i.atan2)
    sqrt                                     0x08008bf5   Thumb Code    76  sqrt.o(i.sqrt)
    __aeabi_d2f                              0x08008c41   Thumb Code     0  d2f.o(x$fpl$d2f)
    _d2f                                     0x08008c41   Thumb Code    98  d2f.o(x$fpl$d2f)
    __aeabi_dadd                             0x08008ca5   Thumb Code     0  daddsub_clz.o(x$fpl$dadd)
    _dadd                                    0x08008ca5   Thumb Code   332  daddsub_clz.o(x$fpl$dadd)
    __fpl_dcheck_NaN1                        0x08008df5   Thumb Code    10  dcheck1.o(x$fpl$dcheck1)
    __aeabi_ddiv                             0x08008e05   Thumb Code     0  ddiv.o(x$fpl$ddiv)
    _ddiv                                    0x08008e05   Thumb Code   552  ddiv.o(x$fpl$ddiv)
    __aeabi_dmul                             0x080090b5   Thumb Code     0  dmul.o(x$fpl$dmul)
    _dmul                                    0x080090b5   Thumb Code   332  dmul.o(x$fpl$dmul)
    __fpl_dnaninf                            0x08009209   Thumb Code   156  dnaninf.o(x$fpl$dnaninf)
    __fpl_dretinf                            0x080092a5   Thumb Code    12  dretinf.o(x$fpl$dretinf)
    __aeabi_drsub                            0x080092b1   Thumb Code     0  daddsub_clz.o(x$fpl$drsb)
    _drsb                                    0x080092b1   Thumb Code    22  daddsub_clz.o(x$fpl$drsb)
    _dsqrt                                   0x080092c9   Thumb Code   456  dsqrt_noumaal.o(x$fpl$dsqrt)
    __aeabi_dsub                             0x08009495   Thumb Code     0  daddsub_clz.o(x$fpl$dsub)
    _dsub                                    0x08009495   Thumb Code   464  daddsub_clz.o(x$fpl$dsub)
    __aeabi_f2d                              0x08009669   Thumb Code     0  f2d.o(x$fpl$f2d)
    _f2d                                     0x08009669   Thumb Code    86  f2d.o(x$fpl$f2d)
    __aeabi_fadd                             0x080096c1   Thumb Code     0  faddsub_clz.o(x$fpl$fadd)
    _fadd                                    0x080096c1   Thumb Code   196  faddsub_clz.o(x$fpl$fadd)
    __fpl_fcheck_NaN1                        0x08009785   Thumb Code     6  fcheck1.o(x$fpl$fcheck1)
    __aeabi_fdiv                             0x08009791   Thumb Code     0  fdiv.o(x$fpl$fdiv)
    _fdiv                                    0x08009791   Thumb Code   384  fdiv.o(x$fpl$fdiv)
    __aeabi_f2iz                             0x08009915   Thumb Code     0  ffix.o(x$fpl$ffix)
    _ffix                                    0x08009915   Thumb Code    54  ffix.o(x$fpl$ffix)
    __aeabi_f2uiz                            0x0800994d   Thumb Code     0  ffixu.o(x$fpl$ffixu)
    _ffixu                                   0x0800994d   Thumb Code    62  ffixu.o(x$fpl$ffixu)
    __aeabi_i2f                              0x0800998d   Thumb Code     0  fflt_clz.o(x$fpl$fflt)
    _fflt                                    0x0800998d   Thumb Code    48  fflt_clz.o(x$fpl$fflt)
    __aeabi_ui2f                             0x080099bd   Thumb Code     0  fflt_clz.o(x$fpl$ffltu)
    _ffltu                                   0x080099bd   Thumb Code    38  fflt_clz.o(x$fpl$ffltu)
    __aeabi_fmul                             0x080099e5   Thumb Code     0  fmul.o(x$fpl$fmul)
    _fmul                                    0x080099e5   Thumb Code   258  fmul.o(x$fpl$fmul)
    __fpl_fnaninf                            0x08009ae7   Thumb Code   140  fnaninf.o(x$fpl$fnaninf)
    __fpl_fretinf                            0x08009b73   Thumb Code    10  fretinf.o(x$fpl$fretinf)
    __aeabi_fsub                             0x08009b7d   Thumb Code     0  faddsub_clz.o(x$fpl$fsub)
    _fsub                                    0x08009b7d   Thumb Code   234  faddsub_clz.o(x$fpl$fsub)
    __fpl_return_NaN                         0x08009c67   Thumb Code   100  retnan.o(x$fpl$retnan)
    __ARM_scalbn                             0x08009ccb   Thumb Code    92  scalbn.o(x$fpl$scalbn)
    __ARM_scalbnf                            0x08009d27   Thumb Code    76  scalbnf.o(x$fpl$scalbnf)
    __fpl_cmpreturn                          0x08009d73   Thumb Code    48  trapv.o(x$fpl$trapveneer)
    __I$use$fp                               0x08009da2   Number         0  usenofp.o(x$fpl$usenofp)
    hw                                       0x08009da2   Data          12  inv_mpu.o(.constdata)
    reg                                      0x08009dae   Data          27  inv_mpu.o(.constdata)
    test                                     0x08009dcc   Data          40  inv_mpu.o(.constdata)
    __mathlib_zero                           0x0800aad8   Data           8  qnan.o(.constdata)
    Region$$Table$$Base                      0x0800ab30   Number         0  anon$$obj.o(Region$$Table)
    Region$$Table$$Limit                     0x0800ab50   Number         0  anon$$obj.o(Region$$Table)
    Way_Angle                                0x20000000   Data           1  main.o(.data)
    Balance_Kp                               0x20000004   Data           4  main.o(.data)
    Balance_Kd                               0x20000008   Data           4  main.o(.data)
    Velocity_Kp                              0x2000000c   Data           4  main.o(.data)
    Velocity_Ki                              0x20000010   Data           4  main.o(.data)
    Flag_Qian                                0x20000014   Data           1  main.o(.data)
    Flag_Hou                                 0x20000015   Data           1  main.o(.data)
    Encoder_Left                             0x20000018   Data           4  main.o(.data)
    Encoder_Right                            0x2000001c   Data           4  main.o(.data)
    Moto1                                    0x20000020   Data           4  main.o(.data)
    Moto2                                    0x20000024   Data           4  main.o(.data)
    Angle_Balance                            0x20000028   Data           4  main.o(.data)
    Gyro_Balance                             0x2000002c   Data           4  main.o(.data)
    Gyro_Turn                                0x20000030   Data           4  main.o(.data)
    SystemCoreClock                          0x20000034   Data           4  system_stm32f10x.o(.data)
    AHBPrescTable                            0x20000038   Data          16  system_stm32f10x.o(.data)
    LED_Task_Handler                         0x20000048   Data           4  app.o(.data)
    IMU_Task_Handler                         0x2000004c   Data           4  app.o(.data)
    sensors                                  0x20000050   Data           2  mpu6500.o(.data)
    q0                                       0x20000054   Data           4  mpu6500.o(.data)
    q1                                       0x20000058   Data           4  mpu6500.o(.data)
    q2                                       0x2000005c   Data           4  mpu6500.o(.data)
    q3                                       0x20000060   Data           4  mpu6500.o(.data)
    Pitch                                    0x20000064   Data           4  mpu6500.o(.data)
    Roll                                     0x20000068   Data           4  mpu6500.o(.data)
    gyro                                     0x2000006c   Data           6  mpu6500.o(.data)
    accel                                    0x20000072   Data           6  mpu6500.o(.data)
    Flag_Target                              0x200000b0   Data           1  control.o(.data)
    Balance_Pwm                              0x200000c8   Data           4  control.o(.data)
    Velocity_Pwm                             0x200000cc   Data           4  control.o(.data)
    Turn_Pwm                                 0x200000d0   Data           4  control.o(.data)
    USART_RX_STA                             0x200000d8   Data           2  usart.o(.data)
    __stdout                                 0x200000dc   Data           4  usart.o(.data)
    pxCurrentTCB                             0x200000f4   Data           4  tasks.o(.data)
    RCC_CLK                                  0x20000168   Data          20  main.o(.bss)
    buffer                                   0x2000017c   Data          14  mpu6500.o(.bss)
    MPU6050_FIFO                             0x2000018a   Data         132  mpu6500.o(.bss)
    USART_RX_BUF                             0x20000220   Data         200  usart.o(.bss)
    xQueueRegistry                           0x200002e8   Data          64  queue.o(.bss)
    __libspace_start                         0x20002e34   Data          96  libspace.o(.bss)
    __temporary_stack_top$libspace           0x20002e94   Data           0  libspace.o(.bss)



==============================================================================

Memory Map of the image

  Image Entry point : 0x080000ed

  Load Region LR_IROM1 (Base: 0x08000000, Size: 0x0000acb8, Max: 0x00010000, ABSOLUTE, COMPRESSED[0x0000ab98])

    Execution Region ER_IROM1 (Exec base: 0x08000000, Load base: 0x08000000, Size: 0x0000ab50, Max: 0x00010000, ABSOLUTE)

    Exec Addr    Load Addr    Size         Type   Attr      Idx    E Section Name        Object

    0x08000000   0x08000000   0x000000ec   Data   RO          615    RESET               startup_stm32f10x_md.o
    0x080000ec   0x080000ec   0x00000008   Code   RO         1171  * !!!main             c_w.l(__main.o)
    0x080000f4   0x080000f4   0x00000034   Code   RO         1494    !!!scatter          c_w.l(__scatter.o)
    0x08000128   0x08000128   0x0000005a   Code   RO         1492    !!dczerorl2         c_w.l(__dczerorl2.o)
    0x08000182   0x08000182   0x00000002   PAD
    0x08000184   0x08000184   0x0000001c   Code   RO         1496    !!handler_zi        c_w.l(__scatter_zi.o)
    0x080001a0   0x080001a0   0x00000000   Code   RO         1158    .ARM.Collect$$_printf_percent$$00000000  c_w.l(_printf_percent.o)
    0x080001a0   0x080001a0   0x00000006   Code   RO         1156    .ARM.Collect$$_printf_percent$$00000009  c_w.l(_printf_d.o)
    0x080001a6   0x080001a6   0x00000006   Code   RO         1157    .ARM.Collect$$_printf_percent$$0000000A  c_w.l(_printf_u.o)
    0x080001ac   0x080001ac   0x00000006   Code   RO         1154    .ARM.Collect$$_printf_percent$$00000013  c_w.l(_printf_c.o)
    0x080001b2   0x080001b2   0x00000006   Code   RO         1155    .ARM.Collect$$_printf_percent$$00000014  c_w.l(_printf_s.o)
    0x080001b8   0x080001b8   0x00000004   Code   RO         1248    .ARM.Collect$$_printf_percent$$00000017  c_w.l(_printf_percent_end.o)
    0x080001bc   0x080001bc   0x00000002   Code   RO         1361    .ARM.Collect$$libinit$$00000000  c_w.l(libinit.o)
    0x080001be   0x080001be   0x00000000   Code   RO         1373    .ARM.Collect$$libinit$$00000002  c_w.l(libinit2.o)
    0x080001be   0x080001be   0x00000000   Code   RO         1375    .ARM.Collect$$libinit$$00000004  c_w.l(libinit2.o)
    0x080001be   0x080001be   0x00000000   Code   RO         1378    .ARM.Collect$$libinit$$0000000A  c_w.l(libinit2.o)
    0x080001be   0x080001be   0x00000000   Code   RO         1380    .ARM.Collect$$libinit$$0000000C  c_w.l(libinit2.o)
    0x080001be   0x080001be   0x00000000   Code   RO         1382    .ARM.Collect$$libinit$$0000000E  c_w.l(libinit2.o)
    0x080001be   0x080001be   0x00000000   Code   RO         1385    .ARM.Collect$$libinit$$00000011  c_w.l(libinit2.o)
    0x080001be   0x080001be   0x00000000   Code   RO         1387    .ARM.Collect$$libinit$$00000013  c_w.l(libinit2.o)
    0x080001be   0x080001be   0x00000000   Code   RO         1389    .ARM.Collect$$libinit$$00000015  c_w.l(libinit2.o)
    0x080001be   0x080001be   0x00000000   Code   RO         1391    .ARM.Collect$$libinit$$00000017  c_w.l(libinit2.o)
    0x080001be   0x080001be   0x00000000   Code   RO         1393    .ARM.Collect$$libinit$$00000019  c_w.l(libinit2.o)
    0x080001be   0x080001be   0x00000000   Code   RO         1395    .ARM.Collect$$libinit$$0000001B  c_w.l(libinit2.o)
    0x080001be   0x080001be   0x00000000   Code   RO         1397    .ARM.Collect$$libinit$$0000001D  c_w.l(libinit2.o)
    0x080001be   0x080001be   0x00000000   Code   RO         1399    .ARM.Collect$$libinit$$0000001F  c_w.l(libinit2.o)
    0x080001be   0x080001be   0x00000000   Code   RO         1401    .ARM.Collect$$libinit$$00000021  c_w.l(libinit2.o)
    0x080001be   0x080001be   0x00000000   Code   RO         1403    .ARM.Collect$$libinit$$00000023  c_w.l(libinit2.o)
    0x080001be   0x080001be   0x00000000   Code   RO         1405    .ARM.Collect$$libinit$$00000025  c_w.l(libinit2.o)
    0x080001be   0x080001be   0x00000000   Code   RO         1409    .ARM.Collect$$libinit$$0000002C  c_w.l(libinit2.o)
    0x080001be   0x080001be   0x00000000   Code   RO         1411    .ARM.Collect$$libinit$$0000002E  c_w.l(libinit2.o)
    0x080001be   0x080001be   0x00000000   Code   RO         1413    .ARM.Collect$$libinit$$00000030  c_w.l(libinit2.o)
    0x080001be   0x080001be   0x00000000   Code   RO         1415    .ARM.Collect$$libinit$$00000032  c_w.l(libinit2.o)
    0x080001be   0x080001be   0x00000002   Code   RO         1416    .ARM.Collect$$libinit$$00000033  c_w.l(libinit2.o)
    0x080001c0   0x080001c0   0x00000002   Code   RO         1444    .ARM.Collect$$libshutdown$$00000000  c_w.l(libshutdown.o)
    0x080001c2   0x080001c2   0x00000000   Code   RO         1458    .ARM.Collect$$libshutdown$$00000002  c_w.l(libshutdown2.o)
    0x080001c2   0x080001c2   0x00000000   Code   RO         1460    .ARM.Collect$$libshutdown$$00000004  c_w.l(libshutdown2.o)
    0x080001c2   0x080001c2   0x00000000   Code   RO         1463    .ARM.Collect$$libshutdown$$00000007  c_w.l(libshutdown2.o)
    0x080001c2   0x080001c2   0x00000000   Code   RO         1466    .ARM.Collect$$libshutdown$$0000000A  c_w.l(libshutdown2.o)
    0x080001c2   0x080001c2   0x00000000   Code   RO         1468    .ARM.Collect$$libshutdown$$0000000C  c_w.l(libshutdown2.o)
    0x080001c2   0x080001c2   0x00000000   Code   RO         1471    .ARM.Collect$$libshutdown$$0000000F  c_w.l(libshutdown2.o)
    0x080001c2   0x080001c2   0x00000002   Code   RO         1472    .ARM.Collect$$libshutdown$$00000010  c_w.l(libshutdown2.o)
    0x080001c4   0x080001c4   0x00000000   Code   RO         1233    .ARM.Collect$$rtentry$$00000000  c_w.l(__rtentry.o)
    0x080001c4   0x080001c4   0x00000000   Code   RO         1308    .ARM.Collect$$rtentry$$00000002  c_w.l(__rtentry2.o)
    0x080001c4   0x080001c4   0x00000006   Code   RO         1320    .ARM.Collect$$rtentry$$00000004  c_w.l(__rtentry4.o)
    0x080001ca   0x080001ca   0x00000000   Code   RO         1310    .ARM.Collect$$rtentry$$00000009  c_w.l(__rtentry2.o)
    0x080001ca   0x080001ca   0x00000004   Code   RO         1311    .ARM.Collect$$rtentry$$0000000A  c_w.l(__rtentry2.o)
    0x080001ce   0x080001ce   0x00000000   Code   RO         1313    .ARM.Collect$$rtentry$$0000000C  c_w.l(__rtentry2.o)
    0x080001ce   0x080001ce   0x00000008   Code   RO         1314    .ARM.Collect$$rtentry$$0000000D  c_w.l(__rtentry2.o)
    0x080001d6   0x080001d6   0x00000002   Code   RO         1366    .ARM.Collect$$rtexit$$00000000  c_w.l(rtexit.o)
    0x080001d8   0x080001d8   0x00000000   Code   RO         1418    .ARM.Collect$$rtexit$$00000002  c_w.l(rtexit2.o)
    0x080001d8   0x080001d8   0x00000004   Code   RO         1419    .ARM.Collect$$rtexit$$00000003  c_w.l(rtexit2.o)
    0x080001dc   0x080001dc   0x00000006   Code   RO         1420    .ARM.Collect$$rtexit$$00000004  c_w.l(rtexit2.o)
    0x080001e2   0x080001e2   0x00000002   PAD
    0x080001e4   0x080001e4   0x00000096   Code   RO         1061    .emb_text           port.o
    0x0800027a   0x0800027a   0x00000002   PAD
    0x0800027c   0x0800027c   0x0000004c   Code   RO            1    .text               main.o
    0x080002c8   0x080002c8   0x0000000c   Code   RO          217    .text               stm32f10x_it.o
    0x080002d4   0x080002d4   0x00000174   Code   RO          258    .text               system_stm32f10x.o
    0x08000448   0x08000448   0x00000038   Code   RO          276    .text               led.o
    0x08000480   0x08000480   0x000000cc   Code   RO          296    .text               app.o
    0x0800054c   0x0800054c   0x00000496   Code   RO          318    .text               iic.o
    0x080009e2   0x080009e2   0x00000002   PAD
    0x080009e4   0x080009e4   0x00000190   Code   RO          334    .text               encoder.o
    0x08000b74   0x08000b74   0x000000d8   Code   RO          356    .text               motor.o
    0x08000c4c   0x08000c4c   0x00000688   Code   RO          372    .text               mpu6500.o
    0x080012d4   0x080012d4   0x000000f8   Code   RO          407    .text               timer.o
    0x080013cc   0x080013cc   0x00001a42   Code   RO          439    .text               inv_mpu.o
    0x08002e0e   0x08002e0e   0x00000002   PAD
    0x08002e10   0x08002e10   0x00000be8   Code   RO          466    .text               inv_mpu_dmp_motion_driver.o
    0x080039f8   0x080039f8   0x00000284   Code   RO          485    .text               control.o
    0x08003c7c   0x08003c7c   0x000000dc   Code   RO          534    .text               delay.o
    0x08003d58   0x08003d58   0x00000118   Code   RO          576    .text               usart.o
    0x08003e70   0x08003e70   0x00000040   Code   RO          616    .text               startup_stm32f10x_md.o
    0x08003eb0   0x08003eb0   0x000000b8   Code   RO          620    .text               misc.o
    0x08003f68   0x08003f68   0x00000298   Code   RO          632    .text               stm32f10x_gpio.o
    0x08004200   0x08004200   0x000002f4   Code   RO          644    .text               stm32f10x_rcc.o
    0x080044f4   0x080044f4   0x0000039c   Code   RO          658    .text               stm32f10x_usart.o
    0x08004890   0x08004890   0x00000c2a   Code   RO          874    .text               stm32f10x_tim.o
    0x080054ba   0x080054ba   0x00000088   Code   RO          969    .text               list.o
    0x08005542   0x08005542   0x00000002   PAD
    0x08005544   0x08005544   0x00000b5c   Code   RO          985    .text               queue.o
    0x080060a0   0x080060a0   0x000013f0   Code   RO         1007    .text               tasks.o
    0x08007490   0x08007490   0x00000568   Code   RO         1042    .text               timers.o
    0x080079f8   0x080079f8   0x000001f0   Code   RO         1062    .text               port.o
    0x08007be8   0x08007be8   0x00000214   Code   RO         1095    .text               heap_4.o
    0x08007dfc   0x08007dfc   0x00000002   Code   RO         1116    .text               c_w.l(use_no_semi_2.o)
    0x08007dfe   0x08007dfe   0x00000048   Code   RO         1118    .text               c_w.l(llsdiv.o)
    0x08007e46   0x08007e46   0x00000002   PAD
    0x08007e48   0x08007e48   0x00000018   Code   RO         1124    .text               c_w.l(noretval__2printf.o)
    0x08007e60   0x08007e60   0x00000028   Code   RO         1126    .text               c_w.l(noretval__2sprintf.o)
    0x08007e88   0x08007e88   0x00000068   Code   RO         1128    .text               c_w.l(__printf.o)
    0x08007ef0   0x08007ef0   0x00000052   Code   RO         1130    .text               c_w.l(_printf_str.o)
    0x08007f42   0x08007f42   0x00000002   PAD
    0x08007f44   0x08007f44   0x00000078   Code   RO         1132    .text               c_w.l(_printf_dec.o)
    0x08007fbc   0x08007fbc   0x00000058   Code   RO         1159    .text               c_w.l(memcmp.o)
    0x08008014   0x08008014   0x00000048   Code   RO         1161    .text               c_w.l(strcpy.o)
    0x0800805c   0x0800805c   0x0000003e   Code   RO         1163    .text               c_w.l(strlen.o)
    0x0800809a   0x0800809a   0x0000008a   Code   RO         1165    .text               c_w.l(rt_memcpy_v6.o)
    0x08008124   0x08008124   0x00000010   Code   RO         1167    .text               c_w.l(aeabi_memset.o)
    0x08008134   0x08008134   0x00000006   Code   RO         1169    .text               c_w.l(heapauxi.o)
    0x0800813a   0x0800813a   0x00000002   Code   RO         1231    .text               c_w.l(use_no_semi.o)
    0x0800813c   0x0800813c   0x000000ee   Code   RO         1234    .text               c_w.l(lludivv7m.o)
    0x0800822a   0x0800822a   0x00000016   Code   RO         1236    .text               c_w.l(_rserrno.o)
    0x08008240   0x08008240   0x000000b2   Code   RO         1238    .text               c_w.l(_printf_intcommon.o)
    0x080082f2   0x080082f2   0x00000002   PAD
    0x080082f4   0x080082f4   0x00000030   Code   RO         1240    .text               c_w.l(_printf_char_common.o)
    0x08008324   0x08008324   0x0000000a   Code   RO         1242    .text               c_w.l(_sputc.o)
    0x0800832e   0x0800832e   0x0000002c   Code   RO         1244    .text               c_w.l(_printf_char.o)
    0x0800835a   0x0800835a   0x00000002   PAD
    0x0800835c   0x0800835c   0x00000024   Code   RO         1246    .text               c_w.l(_printf_char_file.o)
    0x08008380   0x08008380   0x00000064   Code   RO         1249    .text               c_w.l(rt_memcpy_w.o)
    0x080083e4   0x080083e4   0x00000044   Code   RO         1251    .text               c_w.l(rt_memclr.o)
    0x08008428   0x08008428   0x00000008   Code   RO         1329    .text               c_w.l(rt_errno_addr_intlibspace.o)
    0x08008430   0x08008430   0x00000008   Code   RO         1333    .text               c_w.l(ferror.o)
    0x08008438   0x08008438   0x0000004e   Code   RO         1337    .text               c_w.l(rt_memclr_w.o)
    0x08008486   0x08008486   0x00000002   PAD
    0x08008488   0x08008488   0x00000008   Code   RO         1347    .text               c_w.l(libspace.o)
    0x08008490   0x08008490   0x0000004a   Code   RO         1350    .text               c_w.l(sys_stackheap_outer.o)
    0x080084da   0x080084da   0x00000012   Code   RO         1354    .text               c_w.l(exit.o)
    0x080084ec   0x080084ec   0x00000028   Code   RO         1294    i.__ARM_fpclassify  m_ws.l(fpclassify.o)
    0x08008514   0x08008514   0x000000aa   Code   RO         1296    i.__kernel_poly     m_ws.l(poly.o)
    0x080085be   0x080085be   0x00000006   Code   RO         1281    i.__mathlib_dbl_infnan  m_ws.l(dunder.o)
    0x080085c4   0x080085c4   0x00000004   Code   RO         1282    i.__mathlib_dbl_infnan2  m_ws.l(dunder.o)
    0x080085c8   0x080085c8   0x0000000c   Code   RO         1283    i.__mathlib_dbl_invalid  m_ws.l(dunder.o)
    0x080085d4   0x080085d4   0x00000010   Code   RO         1286    i.__mathlib_dbl_underflow  m_ws.l(dunder.o)
    0x080085e4   0x080085e4   0x00000270   Code   RO         1214    i.asin              m_ws.l(asin.o)
    0x08008854   0x08008854   0x00000220   Code   RO         1271    i.atan              m_ws.l(atan.o)
    0x08008a74   0x08008a74   0x00000180   Code   RO         1224    i.atan2             m_ws.l(atan2.o)
    0x08008bf4   0x08008bf4   0x0000004c   Code   RO         1300    i.sqrt              m_ws.l(sqrt.o)
    0x08008c40   0x08008c40   0x00000062   Code   RO         1173    x$fpl$d2f           fz_ws.l(d2f.o)
    0x08008ca2   0x08008ca2   0x00000002   PAD
    0x08008ca4   0x08008ca4   0x00000150   Code   RO         1175    x$fpl$dadd          fz_ws.l(daddsub_clz.o)
    0x08008df4   0x08008df4   0x00000010   Code   RO         1339    x$fpl$dcheck1       fz_ws.l(dcheck1.o)
    0x08008e04   0x08008e04   0x000002b0   Code   RO         1254    x$fpl$ddiv          fz_ws.l(ddiv.o)
    0x080090b4   0x080090b4   0x00000154   Code   RO         1181    x$fpl$dmul          fz_ws.l(dmul.o)
    0x08009208   0x08009208   0x0000009c   Code   RO         1257    x$fpl$dnaninf       fz_ws.l(dnaninf.o)
    0x080092a4   0x080092a4   0x0000000c   Code   RO         1259    x$fpl$dretinf       fz_ws.l(dretinf.o)
    0x080092b0   0x080092b0   0x00000016   Code   RO         1176    x$fpl$drsb          fz_ws.l(daddsub_clz.o)
    0x080092c6   0x080092c6   0x00000002   PAD
    0x080092c8   0x080092c8   0x000001cc   Code   RO         1343    x$fpl$dsqrt         fz_ws.l(dsqrt_noumaal.o)
    0x08009494   0x08009494   0x000001d4   Code   RO         1177    x$fpl$dsub          fz_ws.l(daddsub_clz.o)
    0x08009668   0x08009668   0x00000056   Code   RO         1183    x$fpl$f2d           fz_ws.l(f2d.o)
    0x080096be   0x080096be   0x00000002   PAD
    0x080096c0   0x080096c0   0x000000c4   Code   RO         1185    x$fpl$fadd          fz_ws.l(faddsub_clz.o)
    0x08009784   0x08009784   0x0000000c   Code   RO         1261    x$fpl$fcheck1       fz_ws.l(fcheck1.o)
    0x08009790   0x08009790   0x00000184   Code   RO         1192    x$fpl$fdiv          fz_ws.l(fdiv.o)
    0x08009914   0x08009914   0x00000036   Code   RO         1195    x$fpl$ffix          fz_ws.l(ffix.o)
    0x0800994a   0x0800994a   0x00000002   PAD
    0x0800994c   0x0800994c   0x0000003e   Code   RO         1199    x$fpl$ffixu         fz_ws.l(ffixu.o)
    0x0800998a   0x0800998a   0x00000002   PAD
    0x0800998c   0x0800998c   0x00000030   Code   RO         1204    x$fpl$fflt          fz_ws.l(fflt_clz.o)
    0x080099bc   0x080099bc   0x00000026   Code   RO         1203    x$fpl$ffltu         fz_ws.l(fflt_clz.o)
    0x080099e2   0x080099e2   0x00000002   PAD
    0x080099e4   0x080099e4   0x00000102   Code   RO         1209    x$fpl$fmul          fz_ws.l(fmul.o)
    0x08009ae6   0x08009ae6   0x0000008c   Code   RO         1263    x$fpl$fnaninf       fz_ws.l(fnaninf.o)
    0x08009b72   0x08009b72   0x0000000a   Code   RO         1265    x$fpl$fretinf       fz_ws.l(fretinf.o)
    0x08009b7c   0x08009b7c   0x000000ea   Code   RO         1187    x$fpl$fsub          fz_ws.l(faddsub_clz.o)
    0x08009c66   0x08009c66   0x00000064   Code   RO         1345    x$fpl$retnan        fz_ws.l(retnan.o)
    0x08009cca   0x08009cca   0x0000005c   Code   RO         1267    x$fpl$scalbn        fz_ws.l(scalbn.o)
    0x08009d26   0x08009d26   0x0000004c   Code   RO         1211    x$fpl$scalbnf       fz_ws.l(scalbnf.o)
    0x08009d72   0x08009d72   0x00000030   Code   RO         1364    x$fpl$trapveneer    fz_ws.l(trapv.o)
    0x08009da2   0x08009da2   0x00000000   Code   RO         1269    x$fpl$usenofp       fz_ws.l(usenofp.o)
    0x08009da2   0x08009da2   0x0000000c   Data   RO          440    .constdata          inv_mpu.o
    0x08009dae   0x08009dae   0x0000001b   Data   RO          441    .constdata          inv_mpu.o
    0x08009dc9   0x08009dc9   0x00000003   PAD
    0x08009dcc   0x08009dcc   0x00000028   Data   RO          442    .constdata          inv_mpu.o
    0x08009df4   0x08009df4   0x00000bf6   Data   RO          468    .constdata          inv_mpu_dmp_motion_driver.o
    0x0800a9ea   0x0800a9ea   0x00000006   PAD
    0x0800a9f0   0x0800a9f0   0x00000050   Data   RO         1215    .constdata          m_ws.l(asin.o)
    0x0800aa40   0x0800aa40   0x00000098   Data   RO         1272    .constdata          m_ws.l(atan.o)
    0x0800aad8   0x0800aad8   0x00000008   Data   RO         1298    .constdata          m_ws.l(qnan.o)
    0x0800aae0   0x0800aae0   0x0000004e   Data   RO          443    .conststring        inv_mpu.o
    0x0800ab2e   0x0800ab2e   0x00000002   PAD
    0x0800ab30   0x0800ab30   0x00000020   Data   RO         1490    Region$$Table       anon$$obj.o


    Execution Region RW_IRAM1 (Exec base: 0x20000000, Load base: 0x0800ab50, Size: 0x00003498, Max: 0x00005000, ABSOLUTE, COMPRESSED[0x00000048])

    Exec Addr    Load Addr    Size         Type   Attr      Idx    E Section Name        Object

    0x20000000   COMPRESSED   0x00000001   Data   RW            3    .data               main.o
    0x20000001   COMPRESSED   0x00000003   PAD
    0x20000004   COMPRESSED   0x00000004   Data   RW            8    .data               main.o
    0x20000008   COMPRESSED   0x00000004   Data   RW            9    .data               main.o
    0x2000000c   COMPRESSED   0x00000004   Data   RW           10    .data               main.o
    0x20000010   COMPRESSED   0x00000004   Data   RW           11    .data               main.o
    0x20000014   COMPRESSED   0x00000001   Data   RW           12    .data               main.o
    0x20000015   COMPRESSED   0x00000001   Data   RW           13    .data               main.o
    0x20000016   COMPRESSED   0x00000002   PAD
    0x20000018   COMPRESSED   0x00000004   Data   RW           16    .data               main.o
    0x2000001c   COMPRESSED   0x00000004   Data   RW           17    .data               main.o
    0x20000020   COMPRESSED   0x00000004   Data   RW           18    .data               main.o
    0x20000024   COMPRESSED   0x00000004   Data   RW           19    .data               main.o
    0x20000028   COMPRESSED   0x00000004   Data   RW           20    .data               main.o
    0x2000002c   COMPRESSED   0x00000004   Data   RW           21    .data               main.o
    0x20000030   COMPRESSED   0x00000004   Data   RW           22    .data               main.o
    0x20000034   COMPRESSED   0x00000014   Data   RW          259    .data               system_stm32f10x.o
    0x20000048   COMPRESSED   0x00000008   Data   RW          297    .data               app.o
    0x20000050   COMPRESSED   0x00000031   Data   RW          374    .data               mpu6500.o
    0x20000081   COMPRESSED   0x00000003   PAD
    0x20000084   COMPRESSED   0x0000002c   Data   RW          444    .data               inv_mpu.o
    0x200000b0   COMPRESSED   0x00000024   Data   RW          486    .data               control.o
    0x200000d4   COMPRESSED   0x00000004   Data   RW          535    .data               delay.o
    0x200000d8   COMPRESSED   0x00000002   Data   RW          578    .data               usart.o
    0x200000da   COMPRESSED   0x00000002   PAD
    0x200000dc   COMPRESSED   0x00000004   Data   RW          579    .data               usart.o
    0x200000e0   COMPRESSED   0x00000014   Data   RW          645    .data               stm32f10x_rcc.o
    0x200000f4   COMPRESSED   0x0000003c   Data   RW         1009    .data               tasks.o
    0x20000130   COMPRESSED   0x00000014   Data   RW         1044    .data               timers.o
    0x20000144   COMPRESSED   0x0000000c   Data   RW         1063    .data               port.o
    0x20000150   COMPRESSED   0x00000018   Data   RW         1097    .data               heap_4.o
    0x20000168        -       0x00000014   Zero   RW            2    .bss                main.o
    0x2000017c        -       0x00000092   Zero   RW          373    .bss                mpu6500.o
    0x2000020e   COMPRESSED   0x00000002   PAD
    0x20000210        -       0x00000010   Zero   RW          467    .bss                inv_mpu_dmp_motion_driver.o
    0x20000220        -       0x000000c8   Zero   RW          577    .bss                usart.o
    0x200002e8        -       0x00000040   Zero   RW          986    .bss                queue.o
    0x20000328        -       0x000002e4   Zero   RW         1008    .bss                tasks.o
    0x2000060c        -       0x00000028   Zero   RW         1043    .bss                timers.o
    0x20000634        -       0x00002800   Zero   RW         1096    .bss                heap_4.o
    0x20002e34        -       0x00000060   Zero   RW         1348    .bss                c_w.l(libspace.o)
    0x20002e94   COMPRESSED   0x00000004   PAD
    0x20002e98        -       0x00000200   Zero   RW          614    HEAP                startup_stm32f10x_md.o
    0x20003098        -       0x00000400   Zero   RW          613    STACK               startup_stm32f10x_md.o


==============================================================================

Image component sizes


      Code (inc. data)   RO Data    RW Data    ZI Data      Debug   Object Name

       204         44          0          8          0       1284   app.o
       644        108          0         36          0       2636   control.o
       220         14          0          4          0       1489   delay.o
       400         18          0          0          0       1598   encoder.o
         0          0          0          0          0      11656   event_groups.o
       532         66          0         24      10240       3488   heap_4.o
      1174         12          0          0          0       5994   iic.o
      6722        166        157         44          0      28498   inv_mpu.o
      3048        118       3062          0         16      15419   inv_mpu_dmp_motion_driver.o
        56          6          0          0          0        463   led.o
       136          0          0          0          0       1914   list.o
        76          8          0         47         20     262559   main.o
       184         12          0          0          0       2017   misc.o
       216          8          0          0          0       1266   motor.o
      1672        412          0         49        146      20810   mpu6500.o
       646         94          0         12          0       7663   port.o
      2908         52          0          0         64      19958   queue.o
        64         26        236          0       1536        772   startup_stm32f10x_md.o
       664         36          0          0          0       6305   stm32f10x_gpio.o
        12          0          0          0          0        867   stm32f10x_it.o
       756         32          0         20          0       9412   stm32f10x_rcc.o
      3114         84          0          0          0      25192   stm32f10x_tim.o
       924         20          0          0          0       9264   stm32f10x_usart.o
         0          0          0          0          0         32   sys.o
       372         34          0         20          0       1835   system_stm32f10x.o
      5104        158          0         60        740      33556   tasks.o
       248          8          0          0          0        829   timer.o
      1384         88          0         20         40       9236   timers.o
       280         16          0          6        200       3302   usart.o

    ----------------------------------------------------------------------
     31768       1640       3498        360      13004     489314   Object Totals
         0          0         32          0          0          0   (incl. Generated)
         8          0         11         10          2          0   (incl. Padding)

    ----------------------------------------------------------------------

      Code (inc. data)   RO Data    RW Data    ZI Data      Debug   Library Member Name

        90          0          0          0          0          0   __dczerorl2.o
         8          0          0          0          0         68   __main.o
       104          0          0          0          0         84   __printf.o
         0          0          0          0          0          0   __rtentry.o
        12          0          0          0          0          0   __rtentry2.o
         6          0          0          0          0          0   __rtentry4.o
        52          8          0          0          0          0   __scatter.o
        28          0          0          0          0          0   __scatter_zi.o
         6          0          0          0          0          0   _printf_c.o
        44          0          0          0          0        108   _printf_char.o
        48          6          0          0          0         96   _printf_char_common.o
        36          4          0          0          0         80   _printf_char_file.o
         6          0          0          0          0          0   _printf_d.o
       120         16          0          0          0         92   _printf_dec.o
       178          0          0          0          0         88   _printf_intcommon.o
         0          0          0          0          0          0   _printf_percent.o
         4          0          0          0          0          0   _printf_percent_end.o
         6          0          0          0          0          0   _printf_s.o
        82          0          0          0          0         80   _printf_str.o
         6          0          0          0          0          0   _printf_u.o
        22          0          0          0          0        100   _rserrno.o
        10          0          0          0          0         68   _sputc.o
        16          0          0          0          0         68   aeabi_memset.o
        18          0          0          0          0         80   exit.o
         8          0          0          0          0         68   ferror.o
         6          0          0          0          0        152   heapauxi.o
         2          0          0          0          0          0   libinit.o
         2          0          0          0          0          0   libinit2.o
         2          0          0          0          0          0   libshutdown.o
         2          0          0          0          0          0   libshutdown2.o
         8          4          0          0         96         68   libspace.o
        72          0          0          0          0         76   llsdiv.o
       238          0          0          0          0        100   lludivv7m.o
        88          0          0          0          0         76   memcmp.o
        24          4          0          0          0         84   noretval__2printf.o
        40          6          0          0          0         84   noretval__2sprintf.o
         8          4          0          0          0         68   rt_errno_addr_intlibspace.o
        68          0          0          0          0         68   rt_memclr.o
        78          0          0          0          0         80   rt_memclr_w.o
       138          0          0          0          0         68   rt_memcpy_v6.o
       100          0          0          0          0         80   rt_memcpy_w.o
         2          0          0          0          0          0   rtexit.o
        10          0          0          0          0          0   rtexit2.o
        72          0          0          0          0         80   strcpy.o
        62          0          0          0          0         76   strlen.o
        74          0          0          0          0         80   sys_stackheap_outer.o
         2          0          0          0          0         68   use_no_semi.o
         2          0          0          0          0         68   use_no_semi_2.o
        98          4          0          0          0         92   d2f.o
       826         16          0          0          0        348   daddsub_clz.o
        16          4          0          0          0         68   dcheck1.o
       688        140          0          0          0        208   ddiv.o
       340         12          0          0          0        104   dmul.o
       156          4          0          0          0         92   dnaninf.o
        12          0          0          0          0         68   dretinf.o
       460         56          0          0          0        120   dsqrt_noumaal.o
        86          4          0          0          0         84   f2d.o
       430          8          0          0          0        168   faddsub_clz.o
        12          4          0          0          0         68   fcheck1.o
       388         76          0          0          0         96   fdiv.o
        54          4          0          0          0         84   ffix.o
        62          4          0          0          0         84   ffixu.o
        86          0          0          0          0        136   fflt_clz.o
       258          4          0          0          0         84   fmul.o
       140          4          0          0          0         84   fnaninf.o
        10          0          0          0          0         68   fretinf.o
       100          0          0          0          0         68   retnan.o
        92          0          0          0          0         68   scalbn.o
        76          0          0          0          0         68   scalbnf.o
        48          0          0          0          0         68   trapv.o
         0          0          0          0          0          0   usenofp.o
       624         52         80          0          0        168   asin.o
       544         70        152          0          0        124   atan.o
       384         38          0          0          0        144   atan2.o
        38          6          0          0          0        272   dunder.o
        40          0          0          0          0         68   fpclassify.o
       170          0          0          0          0         96   poly.o
         0          0          8          0          0          0   qnan.o
        76          0          0          0          0         84   sqrt.o

    ----------------------------------------------------------------------
      8350        562        240          0        100       5740   Library Totals
        26          0          0          0          4          0   (incl. Padding)

    ----------------------------------------------------------------------

      Code (inc. data)   RO Data    RW Data    ZI Data      Debug   Library Name

      2010         52          0          0         96       2456   c_w.l
      4438        344          0          0          0       2328   fz_ws.l
      1876        166        240          0          0        956   m_ws.l

    ----------------------------------------------------------------------
      8350        562        240          0        100       5740   Library Totals

    ----------------------------------------------------------------------

==============================================================================


      Code (inc. data)   RO Data    RW Data    ZI Data      Debug   

     40118       2202       3738        360      13104     488966   Grand Totals
     40118       2202       3738         72      13104     488966   ELF Image Totals (compressed)
     40118       2202       3738         72          0          0   ROM Totals

==============================================================================

    Total RO  Size (Code + RO Data)                43856 (  42.83kB)
    Total RW  Size (RW Data + ZI Data)             13464 (  13.15kB)
    Total ROM Size (Code + RO Data + RW Data)      43928 (  42.90kB)

==============================================================================

